<?xml version="1.0" encoding="ISO-8859-1" ?>
<link_info>
   <banner>TI ARM Clang Linker PC v4.0.4.LTS</banner>
   <copyright>Copyright (c) 1996-2018 Texas Instruments Incorporated</copyright>
   <command_line>D:\ti\ccs2050\ccs\tools\compiler\ti-cgt-armllvm_4.0.4.LTS\bin\tiarmlnk -ID:\ti\ccs2050\ccs\tools\compiler\ti-cgt-armllvm_4.0.4.LTS\lib -o empty.out -mempty.map -iD:/ti/mspm0_sdk_2_10_00_04/source -iD:/ti/empty -iD:/ti/empty/Debug/syscfg -iD:/ti/ccs2050/ccs/tools/compiler/ti-cgt-armllvm_4.0.4.LTS/lib --diag_wrap=off --display_error_number --warn_sections --xml_link_info=empty_linkInfo.xml --rom_model ./empty.o ./ti_msp_dl_config.o ./startup_mspm0g350x_ticlang.o ./Board/board.o ./KEY/app_key_task.o ./KEY/hw_key.o ./KEY/mid_button.o ./LCD_init/lcd.o ./LCD_init/lcd_init.o ./TB6612/tb6612.o -l./device_linker.cmd -ldevice.cmd.genlibs -llibc.a --start-group -llibc++.a -llibc++abi.a -llibc.a -llibsys.a -llibsysbm.a -llibclang_rt.builtins.a -llibclang_rt.profile.a --end-group --cg_opt_level=2</command_line>
   <link_time>0x69f07f18</link_time>
   <link_errors>0x0</link_errors>
   <output_file>D:\ti\empty\Debug\empty.out</output_file>
   <entry_point>
      <name>_c_int00_noargs</name>
      <address>0x646d</address>
   </entry_point>
   <input_file_list>
      <input_file id="fl-1">
         <path>D:\ti\empty\Debug\.\</path>
         <kind>object</kind>
         <file>empty.o</file>
         <name>empty.o</name>
      </input_file>
      <input_file id="fl-2">
         <path>D:\ti\empty\Debug\.\</path>
         <kind>object</kind>
         <file>ti_msp_dl_config.o</file>
         <name>ti_msp_dl_config.o</name>
      </input_file>
      <input_file id="fl-3">
         <path>D:\ti\empty\Debug\.\</path>
         <kind>object</kind>
         <file>startup_mspm0g350x_ticlang.o</file>
         <name>startup_mspm0g350x_ticlang.o</name>
      </input_file>
      <input_file id="fl-4">
         <path>D:\ti\empty\Debug\.\Board\</path>
         <kind>object</kind>
         <file>board.o</file>
         <name>board.o</name>
      </input_file>
      <input_file id="fl-5">
         <path>D:\ti\empty\Debug\.\KEY\</path>
         <kind>object</kind>
         <file>app_key_task.o</file>
         <name>app_key_task.o</name>
      </input_file>
      <input_file id="fl-6">
         <path>D:\ti\empty\Debug\.\KEY\</path>
         <kind>object</kind>
         <file>hw_key.o</file>
         <name>hw_key.o</name>
      </input_file>
      <input_file id="fl-7">
         <path>D:\ti\empty\Debug\.\KEY\</path>
         <kind>object</kind>
         <file>mid_button.o</file>
         <name>mid_button.o</name>
      </input_file>
      <input_file id="fl-8">
         <path>D:\ti\empty\Debug\.\LCD_init\</path>
         <kind>object</kind>
         <file>lcd.o</file>
         <name>lcd.o</name>
      </input_file>
      <input_file id="fl-9">
         <path>D:\ti\empty\Debug\.\LCD_init\</path>
         <kind>object</kind>
         <file>lcd_init.o</file>
         <name>lcd_init.o</name>
      </input_file>
      <input_file id="fl-a">
         <path>D:\ti\empty\Debug\.\TB6612\</path>
         <kind>object</kind>
         <file>tb6612.o</file>
         <name>tb6612.o</name>
      </input_file>
      <input_file id="fl-17">
         <path>D:\ti\empty\Debug\</path>
         <kind>object</kind>
         <file>&lt;internal&gt;</file>
         <name>&lt;internal&gt;</name>
      </input_file>
      <input_file id="fl-18">
         <path>D:\ti\mspm0_sdk_2_10_00_04\source\ti\driverlib\lib\ticlang\m0p\mspm0g1x0x_g3x0x\</path>
         <kind>archive</kind>
         <file>driverlib.a</file>
         <name>dl_adc12.o</name>
      </input_file>
      <input_file id="fl-19">
         <path>D:\ti\mspm0_sdk_2_10_00_04\source\ti\driverlib\lib\ticlang\m0p\mspm0g1x0x_g3x0x\</path>
         <kind>archive</kind>
         <file>driverlib.a</file>
         <name>dl_common.o</name>
      </input_file>
      <input_file id="fl-1a">
         <path>D:\ti\mspm0_sdk_2_10_00_04\source\ti\driverlib\lib\ticlang\m0p\mspm0g1x0x_g3x0x\</path>
         <kind>archive</kind>
         <file>driverlib.a</file>
         <name>dl_spi.o</name>
      </input_file>
      <input_file id="fl-1b">
         <path>D:\ti\mspm0_sdk_2_10_00_04\source\ti\driverlib\lib\ticlang\m0p\mspm0g1x0x_g3x0x\</path>
         <kind>archive</kind>
         <file>driverlib.a</file>
         <name>dl_timer.o</name>
      </input_file>
      <input_file id="fl-1c">
         <path>D:\ti\mspm0_sdk_2_10_00_04\source\ti\driverlib\lib\ticlang\m0p\mspm0g1x0x_g3x0x\</path>
         <kind>archive</kind>
         <file>driverlib.a</file>
         <name>dl_uart.o</name>
      </input_file>
      <input_file id="fl-33">
         <path>D:\ti\ccs2050\ccs\tools\compiler\ti-cgt-armllvm_4.0.4.LTS\lib\armv6m-ti-none-eabi\c\</path>
         <kind>archive</kind>
         <file>libc.a</file>
         <name>sprintf.c.obj</name>
      </input_file>
      <input_file id="fl-34">
         <path>D:\ti\ccs2050\ccs\tools\compiler\ti-cgt-armllvm_4.0.4.LTS\lib\armv6m-ti-none-eabi\c\</path>
         <kind>archive</kind>
         <file>libc.a</file>
         <name>vsnprintf.c.obj</name>
      </input_file>
      <input_file id="fl-35">
         <path>D:\ti\ccs2050\ccs\tools\compiler\ti-cgt-armllvm_4.0.4.LTS\lib\armv6m-ti-none-eabi\c\</path>
         <kind>archive</kind>
         <file>libc.a</file>
         <name>boot_cortex_m.c.obj</name>
      </input_file>
      <input_file id="fl-36">
         <path>D:\ti\ccs2050\ccs\tools\compiler\ti-cgt-armllvm_4.0.4.LTS\lib\armv6m-ti-none-eabi\c\</path>
         <kind>archive</kind>
         <file>libc.a</file>
         <name>mathacl_init.c.obj</name>
      </input_file>
      <input_file id="fl-37">
         <path>D:\ti\ccs2050\ccs\tools\compiler\ti-cgt-armllvm_4.0.4.LTS\lib\armv6m-ti-none-eabi\c\</path>
         <kind>archive</kind>
         <file>libc.a</file>
         <name>autoinit.c.obj</name>
      </input_file>
      <input_file id="fl-38">
         <path>D:\ti\ccs2050\ccs\tools\compiler\ti-cgt-armllvm_4.0.4.LTS\lib\armv6m-ti-none-eabi\c\</path>
         <kind>archive</kind>
         <file>libc.a</file>
         <name>pre_init.c.obj</name>
      </input_file>
      <input_file id="fl-39">
         <path>D:\ti\ccs2050\ccs\tools\compiler\ti-cgt-armllvm_4.0.4.LTS\lib\armv6m-ti-none-eabi\c\</path>
         <kind>archive</kind>
         <file>libc.a</file>
         <name>cpy_tbl.c.obj</name>
      </input_file>
      <input_file id="fl-3a">
         <path>D:\ti\ccs2050\ccs\tools\compiler\ti-cgt-armllvm_4.0.4.LTS\lib\armv6m-ti-none-eabi\c\</path>
         <kind>archive</kind>
         <file>libc.a</file>
         <name>copy_zero_init.c.obj</name>
      </input_file>
      <input_file id="fl-3b">
         <path>D:\ti\ccs2050\ccs\tools\compiler\ti-cgt-armllvm_4.0.4.LTS\lib\armv6m-ti-none-eabi\c\</path>
         <kind>archive</kind>
         <file>libc.a</file>
         <name>copy_decompress_none.c.obj</name>
      </input_file>
      <input_file id="fl-3c">
         <path>D:\ti\ccs2050\ccs\tools\compiler\ti-cgt-armllvm_4.0.4.LTS\lib\armv6m-ti-none-eabi\c\</path>
         <kind>archive</kind>
         <file>libc.a</file>
         <name>copy_decompress_lzss.c.obj</name>
      </input_file>
      <input_file id="fl-3d">
         <path>D:\ti\ccs2050\ccs\tools\compiler\ti-cgt-armllvm_4.0.4.LTS\lib\armv6m-ti-none-eabi\c\</path>
         <kind>archive</kind>
         <file>libc.a</file>
         <name>_printfi.c.obj</name>
      </input_file>
      <input_file id="fl-3e">
         <path>D:\ti\ccs2050\ccs\tools\compiler\ti-cgt-armllvm_4.0.4.LTS\lib\armv6m-ti-none-eabi\c\</path>
         <kind>archive</kind>
         <file>libc.a</file>
         <name>aeabi_portable.c.obj</name>
      </input_file>
      <input_file id="fl-3f">
         <path>D:\ti\ccs2050\ccs\tools\compiler\ti-cgt-armllvm_4.0.4.LTS\lib\armv6m-ti-none-eabi\c\</path>
         <kind>archive</kind>
         <file>libc.a</file>
         <name>exit.c.obj</name>
      </input_file>
      <input_file id="fl-40">
         <path>D:\ti\ccs2050\ccs\tools\compiler\ti-cgt-armllvm_4.0.4.LTS\lib\armv6m-ti-none-eabi\c\</path>
         <kind>archive</kind>
         <file>libc.a</file>
         <name>_lock.c.obj</name>
      </input_file>
      <input_file id="fl-41">
         <path>D:\ti\ccs2050\ccs\tools\compiler\ti-cgt-armllvm_4.0.4.LTS\lib\armv6m-ti-none-eabi\c\</path>
         <kind>archive</kind>
         <file>libc.a</file>
         <name>_ltoa.c.obj</name>
      </input_file>
      <input_file id="fl-42">
         <path>D:\ti\ccs2050\ccs\tools\compiler\ti-cgt-armllvm_4.0.4.LTS\lib\armv6m-ti-none-eabi\c\</path>
         <kind>archive</kind>
         <file>libc.a</file>
         <name>args_main.c.obj</name>
      </input_file>
      <input_file id="fl-43">
         <path>D:\ti\ccs2050\ccs\tools\compiler\ti-cgt-armllvm_4.0.4.LTS\lib\armv6m-ti-none-eabi\c\</path>
         <kind>archive</kind>
         <file>libc.a</file>
         <name>assert.c.obj</name>
      </input_file>
      <input_file id="fl-44">
         <path>D:\ti\ccs2050\ccs\tools\compiler\ti-cgt-armllvm_4.0.4.LTS\lib\armv6m-ti-none-eabi\c\</path>
         <kind>archive</kind>
         <file>libc.a</file>
         <name>atoi.c.obj</name>
      </input_file>
      <input_file id="fl-45">
         <path>D:\ti\ccs2050\ccs\tools\compiler\ti-cgt-armllvm_4.0.4.LTS\lib\armv6m-ti-none-eabi\c\</path>
         <kind>archive</kind>
         <file>libc.a</file>
         <name>defs.c.obj</name>
      </input_file>
      <input_file id="fl-46">
         <path>D:\ti\ccs2050\ccs\tools\compiler\ti-cgt-armllvm_4.0.4.LTS\lib\armv6m-ti-none-eabi\c\</path>
         <kind>archive</kind>
         <file>libc.a</file>
         <name>memccpy.c.obj</name>
      </input_file>
      <input_file id="fl-47">
         <path>D:\ti\ccs2050\ccs\tools\compiler\ti-cgt-armllvm_4.0.4.LTS\lib\armv6m-ti-none-eabi\c\</path>
         <kind>archive</kind>
         <file>libc.a</file>
         <name>memory.c.obj</name>
      </input_file>
      <input_file id="fl-48">
         <path>D:\ti\ccs2050\ccs\tools\compiler\ti-cgt-armllvm_4.0.4.LTS\lib\armv6m-ti-none-eabi\c\</path>
         <kind>archive</kind>
         <file>libc.a</file>
         <name>s_frexp.c.obj</name>
      </input_file>
      <input_file id="fl-49">
         <path>D:\ti\ccs2050\ccs\tools\compiler\ti-cgt-armllvm_4.0.4.LTS\lib\armv6m-ti-none-eabi\c\</path>
         <kind>archive</kind>
         <file>libc.a</file>
         <name>s_scalbn.c.obj</name>
      </input_file>
      <input_file id="fl-4a">
         <path>D:\ti\ccs2050\ccs\tools\compiler\ti-cgt-armllvm_4.0.4.LTS\lib\armv6m-ti-none-eabi\c\</path>
         <kind>archive</kind>
         <file>libc.a</file>
         <name>wcslen.c.obj</name>
      </input_file>
      <input_file id="fl-4b">
         <path>D:\ti\ccs2050\ccs\tools\compiler\ti-cgt-armllvm_4.0.4.LTS\lib\armv6m-ti-none-eabi\c\</path>
         <kind>archive</kind>
         <file>libc.a</file>
         <name>fflush.c.obj</name>
      </input_file>
      <input_file id="fl-4c">
         <path>D:\ti\ccs2050\ccs\tools\compiler\ti-cgt-armllvm_4.0.4.LTS\lib\armv6m-ti-none-eabi\c\</path>
         <kind>archive</kind>
         <file>libc.a</file>
         <name>fputs.c.obj</name>
      </input_file>
      <input_file id="fl-4d">
         <path>D:\ti\ccs2050\ccs\tools\compiler\ti-cgt-armllvm_4.0.4.LTS\lib\armv6m-ti-none-eabi\c\</path>
         <kind>archive</kind>
         <file>libc.a</file>
         <name>_io_perm.c.obj</name>
      </input_file>
      <input_file id="fl-4e">
         <path>D:\ti\ccs2050\ccs\tools\compiler\ti-cgt-armllvm_4.0.4.LTS\lib\armv6m-ti-none-eabi\c\</path>
         <kind>archive</kind>
         <file>libc.a</file>
         <name>setvbuf.c.obj</name>
      </input_file>
      <input_file id="fl-4f">
         <path>D:\ti\ccs2050\ccs\tools\compiler\ti-cgt-armllvm_4.0.4.LTS\lib\armv6m-ti-none-eabi\c\</path>
         <kind>archive</kind>
         <file>libc.a</file>
         <name>aeabi_ctype.S.obj</name>
      </input_file>
      <input_file id="fl-50">
         <path>D:\ti\ccs2050\ccs\tools\compiler\ti-cgt-armllvm_4.0.4.LTS\lib\armv6m-ti-none-eabi\c\</path>
         <kind>archive</kind>
         <file>libc.a</file>
         <name>fopen.c.obj</name>
      </input_file>
      <input_file id="fl-51">
         <path>D:\ti\ccs2050\ccs\tools\compiler\ti-cgt-armllvm_4.0.4.LTS\lib\armv6m-ti-none-eabi\c\</path>
         <kind>archive</kind>
         <file>libc.a</file>
         <name>fseek.c.obj</name>
      </input_file>
      <input_file id="fl-52">
         <path>D:\ti\ccs2050\ccs\tools\compiler\ti-cgt-armllvm_4.0.4.LTS\lib\armv6m-ti-none-eabi\c\</path>
         <kind>archive</kind>
         <file>libc.a</file>
         <name>fclose.c.obj</name>
      </input_file>
      <input_file id="fl-f2">
         <path>D:\ti\ccs2050\ccs\tools\compiler\ti-cgt-armllvm_4.0.4.LTS\lib\armv6m-ti-none-eabi\c\</path>
         <kind>archive</kind>
         <file>libsysbm.a</file>
         <name>hostexit.c.obj</name>
      </input_file>
      <input_file id="fl-f3">
         <path>D:\ti\ccs2050\ccs\tools\compiler\ti-cgt-armllvm_4.0.4.LTS\lib\armv6m-ti-none-eabi\c\</path>
         <kind>archive</kind>
         <file>libsysbm.a</file>
         <name>write.c.obj</name>
      </input_file>
      <input_file id="fl-f4">
         <path>D:\ti\ccs2050\ccs\tools\compiler\ti-cgt-armllvm_4.0.4.LTS\lib\armv6m-ti-none-eabi\c\</path>
         <kind>archive</kind>
         <file>libsysbm.a</file>
         <name>host_device.c.obj</name>
      </input_file>
      <input_file id="fl-f5">
         <path>D:\ti\ccs2050\ccs\tools\compiler\ti-cgt-armllvm_4.0.4.LTS\lib\armv6m-ti-none-eabi\c\</path>
         <kind>archive</kind>
         <file>libsysbm.a</file>
         <name>remove.c.obj</name>
      </input_file>
      <input_file id="fl-f6">
         <path>D:\ti\ccs2050\ccs\tools\compiler\ti-cgt-armllvm_4.0.4.LTS\lib\armv6m-ti-none-eabi\c\</path>
         <kind>archive</kind>
         <file>libsysbm.a</file>
         <name>open.c.obj</name>
      </input_file>
      <input_file id="fl-f7">
         <path>D:\ti\ccs2050\ccs\tools\compiler\ti-cgt-armllvm_4.0.4.LTS\lib\armv6m-ti-none-eabi\c\</path>
         <kind>archive</kind>
         <file>libsysbm.a</file>
         <name>lseek.c.obj</name>
      </input_file>
      <input_file id="fl-f8">
         <path>D:\ti\ccs2050\ccs\tools\compiler\ti-cgt-armllvm_4.0.4.LTS\lib\armv6m-ti-none-eabi\c\</path>
         <kind>archive</kind>
         <file>libsysbm.a</file>
         <name>close.c.obj</name>
      </input_file>
      <input_file id="fl-f9">
         <path>D:\ti\ccs2050\ccs\tools\compiler\ti-cgt-armllvm_4.0.4.LTS\lib\armv6m-ti-none-eabi\c\</path>
         <kind>archive</kind>
         <file>libsysbm.a</file>
         <name>unlink.c.obj</name>
      </input_file>
      <input_file id="fl-fa">
         <path>D:\ti\ccs2050\ccs\tools\compiler\ti-cgt-armllvm_4.0.4.LTS\lib\armv6m-ti-none-eabi\c\</path>
         <kind>archive</kind>
         <file>libsysbm.a</file>
         <name>hostclose.c.obj</name>
      </input_file>
      <input_file id="fl-fb">
         <path>D:\ti\ccs2050\ccs\tools\compiler\ti-cgt-armllvm_4.0.4.LTS\lib\armv6m-ti-none-eabi\c\</path>
         <kind>archive</kind>
         <file>libsysbm.a</file>
         <name>hostlseek.c.obj</name>
      </input_file>
      <input_file id="fl-fc">
         <path>D:\ti\ccs2050\ccs\tools\compiler\ti-cgt-armllvm_4.0.4.LTS\lib\armv6m-ti-none-eabi\c\</path>
         <kind>archive</kind>
         <file>libsysbm.a</file>
         <name>hostopen.c.obj</name>
      </input_file>
      <input_file id="fl-fd">
         <path>D:\ti\ccs2050\ccs\tools\compiler\ti-cgt-armllvm_4.0.4.LTS\lib\armv6m-ti-none-eabi\c\</path>
         <kind>archive</kind>
         <file>libsysbm.a</file>
         <name>hostread.c.obj</name>
      </input_file>
      <input_file id="fl-fe">
         <path>D:\ti\ccs2050\ccs\tools\compiler\ti-cgt-armllvm_4.0.4.LTS\lib\armv6m-ti-none-eabi\c\</path>
         <kind>archive</kind>
         <file>libsysbm.a</file>
         <name>hostrename.c.obj</name>
      </input_file>
      <input_file id="fl-ff">
         <path>D:\ti\ccs2050\ccs\tools\compiler\ti-cgt-armllvm_4.0.4.LTS\lib\armv6m-ti-none-eabi\c\</path>
         <kind>archive</kind>
         <file>libsysbm.a</file>
         <name>hostunlink.c.obj</name>
      </input_file>
      <input_file id="fl-100">
         <path>D:\ti\ccs2050\ccs\tools\compiler\ti-cgt-armllvm_4.0.4.LTS\lib\armv6m-ti-none-eabi\c\</path>
         <kind>archive</kind>
         <file>libsysbm.a</file>
         <name>hostwrite.c.obj</name>
      </input_file>
      <input_file id="fl-101">
         <path>D:\ti\ccs2050\ccs\tools\compiler\ti-cgt-armllvm_4.0.4.LTS\lib\armv6m-ti-none-eabi\c\</path>
         <kind>archive</kind>
         <file>libsysbm.a</file>
         <name>trgmsg.c.obj</name>
      </input_file>
      <input_file id="fl-102">
         <path>D:\ti\ccs2050\ccs\tools\compiler\ti-cgt-armllvm_4.0.4.LTS\lib\armv6m-ti-none-eabi\</path>
         <kind>archive</kind>
         <file>libclang_rt.builtins.a</file>
         <name>adddf3.S.obj</name>
      </input_file>
      <input_file id="fl-103">
         <path>D:\ti\ccs2050\ccs\tools\compiler\ti-cgt-armllvm_4.0.4.LTS\lib\armv6m-ti-none-eabi\</path>
         <kind>archive</kind>
         <file>libclang_rt.builtins.a</file>
         <name>muldf3.S.obj</name>
      </input_file>
      <input_file id="fl-104">
         <path>D:\ti\ccs2050\ccs\tools\compiler\ti-cgt-armllvm_4.0.4.LTS\lib\armv6m-ti-none-eabi\</path>
         <kind>archive</kind>
         <file>libclang_rt.builtins.a</file>
         <name>muldsi3.S.obj</name>
      </input_file>
      <input_file id="fl-105">
         <path>D:\ti\ccs2050\ccs\tools\compiler\ti-cgt-armllvm_4.0.4.LTS\lib\armv6m-ti-none-eabi\</path>
         <kind>archive</kind>
         <file>libclang_rt.builtins.a</file>
         <name>mulsf3.S.obj</name>
      </input_file>
      <input_file id="fl-106">
         <path>D:\ti\ccs2050\ccs\tools\compiler\ti-cgt-armllvm_4.0.4.LTS\lib\armv6m-ti-none-eabi\</path>
         <kind>archive</kind>
         <file>libclang_rt.builtins.a</file>
         <name>divsf3.S.obj</name>
      </input_file>
      <input_file id="fl-107">
         <path>D:\ti\ccs2050\ccs\tools\compiler\ti-cgt-armllvm_4.0.4.LTS\lib\armv6m-ti-none-eabi\</path>
         <kind>archive</kind>
         <file>libclang_rt.builtins.a</file>
         <name>divdf3.S.obj</name>
      </input_file>
      <input_file id="fl-108">
         <path>D:\ti\ccs2050\ccs\tools\compiler\ti-cgt-armllvm_4.0.4.LTS\lib\armv6m-ti-none-eabi\</path>
         <kind>archive</kind>
         <file>libclang_rt.builtins.a</file>
         <name>fixdfsi.S.obj</name>
      </input_file>
      <input_file id="fl-109">
         <path>D:\ti\ccs2050\ccs\tools\compiler\ti-cgt-armllvm_4.0.4.LTS\lib\armv6m-ti-none-eabi\</path>
         <kind>archive</kind>
         <file>libclang_rt.builtins.a</file>
         <name>fixsfsi.S.obj</name>
      </input_file>
      <input_file id="fl-10a">
         <path>D:\ti\ccs2050\ccs\tools\compiler\ti-cgt-armllvm_4.0.4.LTS\lib\armv6m-ti-none-eabi\</path>
         <kind>archive</kind>
         <file>libclang_rt.builtins.a</file>
         <name>floatsidf.S.obj</name>
      </input_file>
      <input_file id="fl-10b">
         <path>D:\ti\ccs2050\ccs\tools\compiler\ti-cgt-armllvm_4.0.4.LTS\lib\armv6m-ti-none-eabi\</path>
         <kind>archive</kind>
         <file>libclang_rt.builtins.a</file>
         <name>floatsisf.S.obj</name>
      </input_file>
      <input_file id="fl-10c">
         <path>D:\ti\ccs2050\ccs\tools\compiler\ti-cgt-armllvm_4.0.4.LTS\lib\armv6m-ti-none-eabi\</path>
         <kind>archive</kind>
         <file>libclang_rt.builtins.a</file>
         <name>floatunsidf.S.obj</name>
      </input_file>
      <input_file id="fl-10d">
         <path>D:\ti\ccs2050\ccs\tools\compiler\ti-cgt-armllvm_4.0.4.LTS\lib\armv6m-ti-none-eabi\</path>
         <kind>archive</kind>
         <file>libclang_rt.builtins.a</file>
         <name>floatunsisf.S.obj</name>
      </input_file>
      <input_file id="fl-10e">
         <path>D:\ti\ccs2050\ccs\tools\compiler\ti-cgt-armllvm_4.0.4.LTS\lib\armv6m-ti-none-eabi\</path>
         <kind>archive</kind>
         <file>libclang_rt.builtins.a</file>
         <name>muldi3.S.obj</name>
      </input_file>
      <input_file id="fl-10f">
         <path>D:\ti\ccs2050\ccs\tools\compiler\ti-cgt-armllvm_4.0.4.LTS\lib\armv6m-ti-none-eabi\</path>
         <kind>archive</kind>
         <file>libclang_rt.builtins.a</file>
         <name>truncdfsf2.S.obj</name>
      </input_file>
      <input_file id="fl-110">
         <path>D:\ti\ccs2050\ccs\tools\compiler\ti-cgt-armllvm_4.0.4.LTS\lib\armv6m-ti-none-eabi\</path>
         <kind>archive</kind>
         <file>libclang_rt.builtins.a</file>
         <name>aeabi_dcmp.S.obj</name>
      </input_file>
      <input_file id="fl-111">
         <path>D:\ti\ccs2050\ccs\tools\compiler\ti-cgt-armllvm_4.0.4.LTS\lib\armv6m-ti-none-eabi\</path>
         <kind>archive</kind>
         <file>libclang_rt.builtins.a</file>
         <name>aeabi_idivmod.S.obj</name>
      </input_file>
      <input_file id="fl-112">
         <path>D:\ti\ccs2050\ccs\tools\compiler\ti-cgt-armllvm_4.0.4.LTS\lib\armv6m-ti-none-eabi\</path>
         <kind>archive</kind>
         <file>libclang_rt.builtins.a</file>
         <name>aeabi_memcpy.S.obj</name>
      </input_file>
      <input_file id="fl-113">
         <path>D:\ti\ccs2050\ccs\tools\compiler\ti-cgt-armllvm_4.0.4.LTS\lib\armv6m-ti-none-eabi\</path>
         <kind>archive</kind>
         <file>libclang_rt.builtins.a</file>
         <name>aeabi_memset.S.obj</name>
      </input_file>
      <input_file id="fl-114">
         <path>D:\ti\ccs2050\ccs\tools\compiler\ti-cgt-armllvm_4.0.4.LTS\lib\armv6m-ti-none-eabi\</path>
         <kind>archive</kind>
         <file>libclang_rt.builtins.a</file>
         <name>aeabi_uidivmod.S.obj</name>
      </input_file>
      <input_file id="fl-115">
         <path>D:\ti\ccs2050\ccs\tools\compiler\ti-cgt-armllvm_4.0.4.LTS\lib\armv6m-ti-none-eabi\</path>
         <kind>archive</kind>
         <file>libclang_rt.builtins.a</file>
         <name>aeabi_uldivmod.S.obj</name>
      </input_file>
      <input_file id="fl-116">
         <path>D:\ti\ccs2050\ccs\tools\compiler\ti-cgt-armllvm_4.0.4.LTS\lib\armv6m-ti-none-eabi\</path>
         <kind>archive</kind>
         <file>libclang_rt.builtins.a</file>
         <name>udivmoddi4.S.obj</name>
      </input_file>
      <input_file id="fl-117">
         <path>D:\ti\ccs2050\ccs\tools\compiler\ti-cgt-armllvm_4.0.4.LTS\lib\armv6m-ti-none-eabi\</path>
         <kind>archive</kind>
         <file>libclang_rt.builtins.a</file>
         <name>ashldi3.S.obj</name>
      </input_file>
      <input_file id="fl-118">
         <path>D:\ti\ccs2050\ccs\tools\compiler\ti-cgt-armllvm_4.0.4.LTS\lib\armv6m-ti-none-eabi\</path>
         <kind>archive</kind>
         <file>libclang_rt.builtins.a</file>
         <name>comparedf2.c.obj</name>
      </input_file>
      <input_file id="fl-119">
         <path>D:\ti\ccs2050\ccs\tools\compiler\ti-cgt-armllvm_4.0.4.LTS\lib\armv6m-ti-none-eabi\</path>
         <kind>archive</kind>
         <file>libclang_rt.builtins.a</file>
         <name>aeabi_div0.c.obj</name>
      </input_file>
      <input_file id="fl-11a">
         <path>D:\ti\ccs2050\ccs\tools\compiler\ti-cgt-armllvm_4.0.4.LTS\lib\armv6m-ti-none-eabi\c\</path>
         <kind>archive</kind>
         <file>libc.a</file>
         <name>getdevice.c.obj</name>
      </input_file>
      <input_file id="fl-11b">
         <path>D:\ti\ccs2050\ccs\tools\compiler\ti-cgt-armllvm_4.0.4.LTS\lib\armv6m-ti-none-eabi\c\</path>
         <kind>archive</kind>
         <file>libc.a</file>
         <name>memcpy16.S.obj</name>
      </input_file>
      <input_file id="fl-11c">
         <path>D:\ti\ccs2050\ccs\tools\compiler\ti-cgt-armllvm_4.0.4.LTS\lib\armv6m-ti-none-eabi\c\</path>
         <kind>archive</kind>
         <file>libc.a</file>
         <name>memset16.S.obj</name>
      </input_file>
      <input_file id="fl-11d">
         <path>D:\ti\ccs2050\ccs\tools\compiler\ti-cgt-armllvm_4.0.4.LTS\lib\armv6m-ti-none-eabi\c\</path>
         <kind>archive</kind>
         <file>libc.a</file>
         <name>strcmp-armv6m.S.obj</name>
      </input_file>
   </input_file_list>
   <object_component_list>
      <object_component id="oc-18">
         <name>.intvecs</name>
         <load_address>0x0</load_address>
         <readonly>true</readonly>
         <run_address>0x0</run_address>
         <size>0xc0</size>
         <alignment>0x4</alignment>
         <input_file_ref idref="fl-3"/>
      </object_component>
      <object_component id="oc-98">
         <name>.text.LCD_Init</name>
         <load_address>0x3520</load_address>
         <readonly>true</readonly>
         <executable>true</executable>
         <run_address>0x3520</run_address>
         <size>0x1072</size>
         <alignment>0x4</alignment>
         <input_file_ref idref="fl-9"/>
      </object_component>
      <object_component id="oc-33">
         <name>.text.Default_Handler</name>
         <load_address>0x4592</load_address>
         <readonly>true</readonly>
         <executable>true</executable>
         <run_address>0x4592</run_address>
         <size>0x2</size>
         <alignment>0x2</alignment>
         <input_file_ref idref="fl-3"/>
      </object_component>
      <object_component id="oc-126">
         <name>.text.LCD_ShowChar</name>
         <load_address>0x4594</load_address>
         <readonly>true</readonly>
         <executable>true</executable>
         <run_address>0x4594</run_address>
         <size>0x400</size>
         <alignment>0x4</alignment>
         <input_file_ref idref="fl-8"/>
      </object_component>
      <object_component id="oc-9e">
         <name>.text.LCD_Fill</name>
         <load_address>0x4994</load_address>
         <readonly>true</readonly>
         <executable>true</executable>
         <run_address>0x4994</run_address>
         <size>0x2c0</size>
         <alignment>0x4</alignment>
         <input_file_ref idref="fl-8"/>
      </object_component>
      <object_component id="oc-113">
         <name>.text.LCD_Address_Set</name>
         <load_address>0x4c54</load_address>
         <readonly>true</readonly>
         <executable>true</executable>
         <run_address>0x4c54</run_address>
         <size>0x234</size>
         <alignment>0x4</alignment>
         <input_file_ref idref="fl-9"/>
      </object_component>
      <object_component id="oc-78">
         <name>.text.main</name>
         <load_address>0x4e88</load_address>
         <readonly>true</readonly>
         <executable>true</executable>
         <run_address>0x4e88</run_address>
         <size>0x1f8</size>
         <alignment>0x4</alignment>
         <input_file_ref idref="fl-1"/>
      </object_component>
      <object_component id="oc-a4">
         <name>.text.user_button_init</name>
         <load_address>0x5080</load_address>
         <readonly>true</readonly>
         <executable>true</executable>
         <run_address>0x5080</run_address>
         <size>0x1e8</size>
         <alignment>0x4</alignment>
         <input_file_ref idref="fl-7"/>
      </object_component>
      <object_component id="oc-65">
         <name>.text.flex_button_scan</name>
         <load_address>0x5268</load_address>
         <readonly>true</readonly>
         <executable>true</executable>
         <run_address>0x5268</run_address>
         <size>0x1c4</size>
         <alignment>0x4</alignment>
         <input_file_ref idref="fl-7"/>
      </object_component>
      <object_component id="oc-a6">
         <name>.text.LCD_ShowFloatNum1</name>
         <load_address>0x542c</load_address>
         <readonly>true</readonly>
         <executable>true</executable>
         <run_address>0x542c</run_address>
         <size>0x134</size>
         <alignment>0x4</alignment>
         <input_file_ref idref="fl-8"/>
      </object_component>
      <object_component id="oc-b4">
         <name>.text.__divdf3</name>
         <load_address>0x5560</load_address>
         <readonly>true</readonly>
         <executable>true</executable>
         <run_address>0x5560</run_address>
         <size>0x10c</size>
         <alignment>0x4</alignment>
         <input_file_ref idref="fl-107"/>
      </object_component>
      <object_component id="oc-cc">
         <name>.text.LCD_ShowIntNum</name>
         <load_address>0x566c</load_address>
         <readonly>true</readonly>
         <executable>true</executable>
         <run_address>0x566c</run_address>
         <size>0x10a</size>
         <alignment>0x2</alignment>
         <input_file_ref idref="fl-8"/>
      </object_component>
      <object_component id="oc-18b">
         <name>.text.__aeabi_idiv0</name>
         <load_address>0x5776</load_address>
         <readonly>true</readonly>
         <executable>true</executable>
         <run_address>0x5776</run_address>
         <size>0x2</size>
         <alignment>0x2</alignment>
         <input_file_ref idref="fl-119"/>
      </object_component>
      <object_component id="oc-159">
         <name>.text.DL_Timer_initFourCCPWMMode</name>
         <load_address>0x5778</load_address>
         <readonly>true</readonly>
         <executable>true</executable>
         <run_address>0x5778</run_address>
         <size>0x104</size>
         <alignment>0x4</alignment>
         <input_file_ref idref="fl-1b"/>
      </object_component>
      <object_component id="oc-160">
         <name>.text.DL_Timer_initTimerMode</name>
         <load_address>0x587c</load_address>
         <readonly>true</readonly>
         <executable>true</executable>
         <run_address>0x587c</run_address>
         <size>0xfc</size>
         <alignment>0x4</alignment>
         <input_file_ref idref="fl-1b"/>
      </object_component>
      <object_component id="oc-b0">
         <name>.text.__muldf3</name>
         <load_address>0x5978</load_address>
         <readonly>true</readonly>
         <executable>true</executable>
         <run_address>0x5978</run_address>
         <size>0xe4</size>
         <alignment>0x4</alignment>
         <input_file_ref idref="fl-103"/>
      </object_component>
      <object_component id="oc-fc">
         <name>.text.SYSCFG_DL_GPIO_init</name>
         <load_address>0x5a5c</load_address>
         <readonly>true</readonly>
         <executable>true</executable>
         <run_address>0x5a5c</run_address>
         <size>0xc0</size>
         <alignment>0x4</alignment>
         <input_file_ref idref="fl-2"/>
      </object_component>
      <object_component id="oc-8e">
         <name>.text:memcpy</name>
         <load_address>0x5b1c</load_address>
         <readonly>true</readonly>
         <executable>true</executable>
         <run_address>0x5b1c</run_address>
         <size>0x9a</size>
         <alignment>0x1</alignment>
         <input_file_ref idref="fl-11b"/>
      </object_component>
      <object_component id="oc-c0">
         <name>.text.__mulsf3</name>
         <load_address>0x5bb8</load_address>
         <readonly>true</readonly>
         <executable>true</executable>
         <run_address>0x5bb8</run_address>
         <size>0x8c</size>
         <alignment>0x4</alignment>
         <input_file_ref idref="fl-105"/>
      </object_component>
      <object_component id="oc-c4">
         <name>.text.__divsf3</name>
         <load_address>0x5c44</load_address>
         <readonly>true</readonly>
         <executable>true</executable>
         <run_address>0x5c44</run_address>
         <size>0x82</size>
         <alignment>0x4</alignment>
         <input_file_ref idref="fl-106"/>
      </object_component>
      <object_component id="oc-fa">
         <name>.text.SYSCFG_DL_initPower</name>
         <load_address>0x5cc8</load_address>
         <readonly>true</readonly>
         <executable>true</executable>
         <run_address>0x5cc8</run_address>
         <size>0x7c</size>
         <alignment>0x4</alignment>
         <input_file_ref idref="fl-2"/>
      </object_component>
      <object_component id="oc-1c">
         <name>.text:decompress:lzss</name>
         <load_address>0x5d44</load_address>
         <readonly>true</readonly>
         <executable>true</executable>
         <run_address>0x5d44</run_address>
         <size>0x7c</size>
         <alignment>0x4</alignment>
         <input_file_ref idref="fl-3c"/>
      </object_component>
      <object_component id="oc-b8">
         <name>.text.__truncdfsf2</name>
         <load_address>0x5dc0</load_address>
         <readonly>true</readonly>
         <executable>true</executable>
         <run_address>0x5dc0</run_address>
         <size>0x74</size>
         <alignment>0x10</alignment>
         <input_file_ref idref="fl-10f"/>
      </object_component>
      <object_component id="oc-114">
         <name>.text.LCD_WR_DATA</name>
         <load_address>0x5e34</load_address>
         <readonly>true</readonly>
         <executable>true</executable>
         <run_address>0x5e34</run_address>
         <size>0x70</size>
         <alignment>0x4</alignment>
         <input_file_ref idref="fl-9"/>
      </object_component>
      <object_component id="oc-fe">
         <name>.text.SYSCFG_DL_PWM_MOTOR_init</name>
         <load_address>0x5ea4</load_address>
         <readonly>true</readonly>
         <executable>true</executable>
         <run_address>0x5ea4</run_address>
         <size>0x68</size>
         <alignment>0x4</alignment>
         <input_file_ref idref="fl-2"/>
      </object_component>
      <object_component id="oc-f9">
         <name>.text:memset</name>
         <load_address>0x5f0c</load_address>
         <readonly>true</readonly>
         <executable>true</executable>
         <run_address>0x5f0c</run_address>
         <size>0x62</size>
         <alignment>0x1</alignment>
         <input_file_ref idref="fl-11c"/>
      </object_component>
      <object_component id="oc-102">
         <name>.text.SYSCFG_DL_UART_0_init</name>
         <load_address>0x5f70</load_address>
         <readonly>true</readonly>
         <executable>true</executable>
         <run_address>0x5f70</run_address>
         <size>0x60</size>
         <alignment>0x4</alignment>
         <input_file_ref idref="fl-2"/>
      </object_component>
      <object_component id="oc-ff">
         <name>.text.SYSCFG_DL_QEI_0_init</name>
         <load_address>0x5fd0</load_address>
         <readonly>true</readonly>
         <executable>true</executable>
         <run_address>0x5fd0</run_address>
         <size>0x5c</size>
         <alignment>0x4</alignment>
         <input_file_ref idref="fl-2"/>
      </object_component>
      <object_component id="oc-93">
         <name>.text.SYSCFG_DL_init</name>
         <load_address>0x602c</load_address>
         <readonly>true</readonly>
         <executable>true</executable>
         <run_address>0x602c</run_address>
         <size>0x54</size>
         <alignment>0x4</alignment>
         <input_file_ref idref="fl-2"/>
      </object_component>
      <object_component id="oc-104">
         <name>.text.SYSCFG_DL_ADC_voltage_init</name>
         <load_address>0x6080</load_address>
         <readonly>true</readonly>
         <executable>true</executable>
         <run_address>0x6080</run_address>
         <size>0x50</size>
         <alignment>0x4</alignment>
         <input_file_ref idref="fl-2"/>
      </object_component>
      <object_component id="oc-103">
         <name>.text.SYSCFG_DL_SPI_LCD_init</name>
         <load_address>0x60d0</load_address>
         <readonly>true</readonly>
         <executable>true</executable>
         <run_address>0x60d0</run_address>
         <size>0x4c</size>
         <alignment>0x4</alignment>
         <input_file_ref idref="fl-2"/>
      </object_component>
      <object_component id="oc-a5">
         <name>.text.LCD_ShowString</name>
         <load_address>0x611c</load_address>
         <readonly>true</readonly>
         <executable>true</executable>
         <run_address>0x611c</run_address>
         <size>0x4a</size>
         <alignment>0x2</alignment>
         <input_file_ref idref="fl-8"/>
      </object_component>
      <object_component id="oc-16b">
         <name>.text.DL_UART_init</name>
         <load_address>0x6168</load_address>
         <readonly>true</readonly>
         <executable>true</executable>
         <run_address>0x6168</run_address>
         <size>0x48</size>
         <alignment>0x4</alignment>
         <input_file_ref idref="fl-1c"/>
      </object_component>
      <object_component id="oc-174">
         <name>.text.DL_SPI_init</name>
         <load_address>0x61b0</load_address>
         <readonly>true</readonly>
         <executable>true</executable>
         <run_address>0x61b0</run_address>
         <size>0x44</size>
         <alignment>0x4</alignment>
         <input_file_ref idref="fl-1a"/>
      </object_component>
      <object_component id="oc-177">
         <name>.text.DL_ADC12_setClockConfig</name>
         <load_address>0x61f4</load_address>
         <readonly>true</readonly>
         <executable>true</executable>
         <run_address>0x61f4</run_address>
         <size>0x40</size>
         <alignment>0x4</alignment>
         <input_file_ref idref="fl-18"/>
      </object_component>
      <object_component id="oc-fd">
         <name>.text.SYSCFG_DL_SYSCTL_init</name>
         <load_address>0x6234</load_address>
         <readonly>true</readonly>
         <executable>true</executable>
         <run_address>0x6234</run_address>
         <size>0x40</size>
         <alignment>0x4</alignment>
         <input_file_ref idref="fl-2"/>
      </object_component>
      <object_component id="oc-12b">
         <name>.text.__aeabi_uidivmod</name>
         <load_address>0x6274</load_address>
         <readonly>true</readonly>
         <executable>true</executable>
         <run_address>0x6274</run_address>
         <size>0x40</size>
         <alignment>0x4</alignment>
         <input_file_ref idref="fl-114"/>
      </object_component>
      <object_component id="oc-101">
         <name>.text.SYSCFG_DL_Button_init</name>
         <load_address>0x62b4</load_address>
         <readonly>true</readonly>
         <executable>true</executable>
         <run_address>0x62b4</run_address>
         <size>0x3c</size>
         <alignment>0x4</alignment>
         <input_file_ref idref="fl-2"/>
      </object_component>
      <object_component id="oc-100">
         <name>.text.SYSCFG_DL_TIMER_0_init</name>
         <load_address>0x62f0</load_address>
         <readonly>true</readonly>
         <executable>true</executable>
         <run_address>0x62f0</run_address>
         <size>0x3c</size>
         <alignment>0x4</alignment>
         <input_file_ref idref="fl-2"/>
      </object_component>
      <object_component id="oc-c8">
         <name>.text.__floatsisf</name>
         <load_address>0x632c</load_address>
         <readonly>true</readonly>
         <executable>true</executable>
         <run_address>0x632c</run_address>
         <size>0x3c</size>
         <alignment>0x4</alignment>
         <input_file_ref idref="fl-10b"/>
      </object_component>
      <object_component id="oc-e1">
         <name>.text:__TI_auto_init_nobinit_nopinit</name>
         <load_address>0x6368</load_address>
         <readonly>true</readonly>
         <executable>true</executable>
         <run_address>0x6368</run_address>
         <size>0x3c</size>
         <alignment>0x4</alignment>
         <input_file_ref idref="fl-37"/>
      </object_component>
      <object_component id="oc-133">
         <name>.text.__muldsi3</name>
         <load_address>0x63a4</load_address>
         <readonly>true</readonly>
         <executable>true</executable>
         <run_address>0x63a4</run_address>
         <size>0x3a</size>
         <alignment>0x4</alignment>
         <input_file_ref idref="fl-104"/>
      </object_component>
      <object_component id="oc-127">
         <name>.text.__fixsfsi</name>
         <load_address>0x63e0</load_address>
         <readonly>true</readonly>
         <executable>true</executable>
         <run_address>0x63e0</run_address>
         <size>0x38</size>
         <alignment>0x4</alignment>
         <input_file_ref idref="fl-109"/>
      </object_component>
      <object_component id="oc-180">
         <name>.text.key_scan</name>
         <load_address>0x6418</load_address>
         <readonly>true</readonly>
         <executable>true</executable>
         <run_address>0x6418</run_address>
         <size>0x2c</size>
         <alignment>0x4</alignment>
         <input_file_ref idref="fl-6"/>
      </object_component>
      <object_component id="oc-bc">
         <name>.text.__floatunsisf</name>
         <load_address>0x6444</load_address>
         <readonly>true</readonly>
         <executable>true</executable>
         <run_address>0x6444</run_address>
         <size>0x28</size>
         <alignment>0x4</alignment>
         <input_file_ref idref="fl-10d"/>
      </object_component>
      <object_component id="oc-58">
         <name>.text:_c_int00_noargs</name>
         <load_address>0x646c</load_address>
         <readonly>true</readonly>
         <executable>true</executable>
         <run_address>0x646c</run_address>
         <size>0x28</size>
         <alignment>0x4</alignment>
         <input_file_ref idref="fl-35"/>
      </object_component>
      <object_component id="oc-39">
         <name>.text.TIMG8_IRQHandler</name>
         <load_address>0x6494</load_address>
         <readonly>true</readonly>
         <executable>true</executable>
         <run_address>0x6494</run_address>
         <size>0x24</size>
         <alignment>0x4</alignment>
         <input_file_ref idref="fl-1"/>
      </object_component>
      <object_component id="oc-ac">
         <name>.text.__floatunsidf</name>
         <load_address>0x64b8</load_address>
         <readonly>true</readonly>
         <executable>true</executable>
         <run_address>0x64b8</run_address>
         <size>0x24</size>
         <alignment>0x4</alignment>
         <input_file_ref idref="fl-10c"/>
      </object_component>
      <object_component id="oc-3b">
         <name>.text.TIMA0_IRQHandler</name>
         <load_address>0x64dc</load_address>
         <readonly>true</readonly>
         <executable>true</executable>
         <run_address>0x64dc</run_address>
         <size>0x20</size>
         <alignment>0x4</alignment>
         <input_file_ref idref="fl-1"/>
      </object_component>
      <object_component id="oc-3a">
         <name>.text.ADC1_IRQHandler</name>
         <load_address>0x64fc</load_address>
         <readonly>true</readonly>
         <executable>true</executable>
         <run_address>0x64fc</run_address>
         <size>0x1c</size>
         <alignment>0x4</alignment>
         <input_file_ref idref="fl-1"/>
      </object_component>
      <object_component id="oc-15b">
         <name>.text.DL_Timer_setCaptCompUpdateMethod</name>
         <load_address>0x6518</load_address>
         <readonly>true</readonly>
         <executable>true</executable>
         <run_address>0x6518</run_address>
         <size>0x1c</size>
         <alignment>0x4</alignment>
         <input_file_ref idref="fl-1b"/>
      </object_component>
      <object_component id="oc-153">
         <name>.text.DL_Timer_setClockConfig</name>
         <load_address>0x6534</load_address>
         <readonly>true</readonly>
         <executable>true</executable>
         <run_address>0x6534</run_address>
         <size>0x1c</size>
         <alignment>0x4</alignment>
         <input_file_ref idref="fl-1b"/>
      </object_component>
      <object_component id="oc-15a">
         <name>.text.DL_Timer_setCaptureCompareOutCtl</name>
         <load_address>0x6550</load_address>
         <readonly>true</readonly>
         <executable>true</executable>
         <run_address>0x6550</run_address>
         <size>0x18</size>
         <alignment>0x4</alignment>
         <input_file_ref idref="fl-1b"/>
      </object_component>
      <object_component id="oc-3c">
         <name>.text.TIMA1_IRQHandler</name>
         <load_address>0x6568</load_address>
         <readonly>true</readonly>
         <executable>true</executable>
         <run_address>0x6568</run_address>
         <size>0x18</size>
         <alignment>0x4</alignment>
         <input_file_ref idref="fl-1"/>
      </object_component>
      <object_component id="oc-124">
         <name>.text.btn_down_cb</name>
         <load_address>0x6580</load_address>
         <readonly>true</readonly>
         <executable>true</executable>
         <run_address>0x6580</run_address>
         <size>0x18</size>
         <alignment>0x4</alignment>
         <input_file_ref idref="fl-5"/>
      </object_component>
      <object_component id="oc-120">
         <name>.text.btn_left_cb</name>
         <load_address>0x6598</load_address>
         <readonly>true</readonly>
         <executable>true</executable>
         <run_address>0x6598</run_address>
         <size>0x18</size>
         <alignment>0x4</alignment>
         <input_file_ref idref="fl-5"/>
      </object_component>
      <object_component id="oc-122">
         <name>.text.btn_right_cb</name>
         <load_address>0x65b0</load_address>
         <readonly>true</readonly>
         <executable>true</executable>
         <run_address>0x65b0</run_address>
         <size>0x18</size>
         <alignment>0x4</alignment>
         <input_file_ref idref="fl-5"/>
      </object_component>
      <object_component id="oc-119">
         <name>.text.btn_up_cb</name>
         <load_address>0x65c8</load_address>
         <readonly>true</readonly>
         <executable>true</executable>
         <run_address>0x65c8</run_address>
         <size>0x18</size>
         <alignment>0x4</alignment>
         <input_file_ref idref="fl-5"/>
      </object_component>
      <object_component id="oc-4f">
         <name>.text:decompress:ZI:__TI_zero_init_nomemset</name>
         <load_address>0x65e0</load_address>
         <readonly>true</readonly>
         <executable>true</executable>
         <run_address>0x65e0</run_address>
         <size>0x16</size>
         <alignment>0x2</alignment>
         <input_file_ref idref="fl-3a"/>
      </object_component>
      <object_component id="oc-a7">
         <name>.text.MOTOR_STOP</name>
         <load_address>0x65f8</load_address>
         <readonly>true</readonly>
         <executable>true</executable>
         <run_address>0x65f8</run_address>
         <size>0x14</size>
         <alignment>0x4</alignment>
         <input_file_ref idref="fl-a"/>
      </object_component>
      <object_component id="oc-16e">
         <name>.text.DL_SPI_setClockConfig</name>
         <load_address>0x660c</load_address>
         <readonly>true</readonly>
         <executable>true</executable>
         <run_address>0x660c</run_address>
         <size>0x12</size>
         <alignment>0x2</alignment>
         <input_file_ref idref="fl-1a"/>
      </object_component>
      <object_component id="oc-165">
         <name>.text.DL_UART_setClockConfig</name>
         <load_address>0x661e</load_address>
         <readonly>true</readonly>
         <executable>true</executable>
         <run_address>0x661e</run_address>
         <size>0x12</size>
         <alignment>0x2</alignment>
         <input_file_ref idref="fl-1c"/>
      </object_component>
      <object_component id="oc-20">
         <name>.text:decompress:none</name>
         <load_address>0x6630</load_address>
         <readonly>true</readonly>
         <executable>true</executable>
         <run_address>0x6630</run_address>
         <size>0x12</size>
         <alignment>0x2</alignment>
         <input_file_ref idref="fl-3b"/>
      </object_component>
      <object_component id="oc-15c">
         <name>.text.DL_Timer_setCaptureCompareValue</name>
         <load_address>0x6644</load_address>
         <readonly>true</readonly>
         <executable>true</executable>
         <run_address>0x6644</run_address>
         <size>0x10</size>
         <alignment>0x4</alignment>
         <input_file_ref idref="fl-1b"/>
      </object_component>
      <object_component id="oc-10b">
         <name>.text.delay_ms</name>
         <load_address>0x6654</load_address>
         <readonly>true</readonly>
         <executable>true</executable>
         <run_address>0x6654</run_address>
         <size>0xe</size>
         <alignment>0x2</alignment>
         <input_file_ref idref="fl-4"/>
      </object_component>
      <object_component id="oc-34">
         <name>.text.GROUP1_IRQHandler</name>
         <load_address>0x6664</load_address>
         <readonly>true</readonly>
         <executable>true</executable>
         <run_address>0x6664</run_address>
         <size>0xc</size>
         <alignment>0x4</alignment>
         <input_file_ref idref="fl-1"/>
      </object_component>
      <object_component id="oc-6f">
         <name>.text.__aeabi_memclr</name>
         <load_address>0x6670</load_address>
         <readonly>true</readonly>
         <executable>true</executable>
         <run_address>0x6670</run_address>
         <size>0xc</size>
         <alignment>0x4</alignment>
         <input_file_ref idref="fl-113"/>
      </object_component>
      <object_component id="oc-123">
         <name>.text.button_down_read</name>
         <load_address>0x667c</load_address>
         <readonly>true</readonly>
         <executable>true</executable>
         <run_address>0x667c</run_address>
         <size>0xc</size>
         <alignment>0x2</alignment>
         <input_file_ref idref="fl-7"/>
      </object_component>
      <object_component id="oc-11f">
         <name>.text.button_left_read</name>
         <load_address>0x6688</load_address>
         <readonly>true</readonly>
         <executable>true</executable>
         <run_address>0x6688</run_address>
         <size>0xc</size>
         <alignment>0x2</alignment>
         <input_file_ref idref="fl-7"/>
      </object_component>
      <object_component id="oc-121">
         <name>.text.button_right_read</name>
         <load_address>0x6694</load_address>
         <readonly>true</readonly>
         <executable>true</executable>
         <run_address>0x6694</run_address>
         <size>0xc</size>
         <alignment>0x2</alignment>
         <input_file_ref idref="fl-7"/>
      </object_component>
      <object_component id="oc-118">
         <name>.text.button_up_read</name>
         <load_address>0x66a0</load_address>
         <readonly>true</readonly>
         <executable>true</executable>
         <run_address>0x66a0</run_address>
         <size>0xc</size>
         <alignment>0x2</alignment>
         <input_file_ref idref="fl-7"/>
      </object_component>
      <object_component id="oc-14f">
         <name>.text.DL_Common_delayCycles</name>
         <load_address>0x66ac</load_address>
         <readonly>true</readonly>
         <executable>true</executable>
         <run_address>0x66ac</run_address>
         <size>0xa</size>
         <alignment>0x2</alignment>
         <input_file_ref idref="fl-19"/>
      </object_component>
      <object_component id="oc-48">
         <name>.text.__aeabi_memcpy</name>
         <load_address>0x66b8</load_address>
         <readonly>true</readonly>
         <executable>true</executable>
         <run_address>0x66b8</run_address>
         <size>0x8</size>
         <alignment>0x4</alignment>
         <input_file_ref idref="fl-112"/>
      </object_component>
      <object_component id="oc-da">
         <name>.text:abort</name>
         <load_address>0x66c0</load_address>
         <readonly>true</readonly>
         <executable>true</executable>
         <run_address>0x66c0</run_address>
         <size>0x6</size>
         <alignment>0x2</alignment>
         <input_file_ref idref="fl-3f"/>
      </object_component>
      <object_component id="oc-13e">
         <name>.text.HOSTexit</name>
         <load_address>0x66c6</load_address>
         <readonly>true</readonly>
         <executable>true</executable>
         <run_address>0x66c6</run_address>
         <size>0x4</size>
         <alignment>0x2</alignment>
         <input_file_ref idref="fl-f2"/>
      </object_component>
      <object_component id="oc-2f">
         <name>.text.Reset_Handler</name>
         <load_address>0x66ca</load_address>
         <readonly>true</readonly>
         <executable>true</executable>
         <run_address>0x66ca</run_address>
         <size>0x4</size>
         <alignment>0x2</alignment>
         <input_file_ref idref="fl-3"/>
      </object_component>
      <object_component id="oc-74">
         <name>.text._system_pre_init</name>
         <load_address>0x66ce</load_address>
         <readonly>true</readonly>
         <executable>true</executable>
         <run_address>0x66ce</run_address>
         <size>0x4</size>
         <alignment>0x2</alignment>
         <input_file_ref idref="fl-38"/>
      </object_component>
      <object_component id="oc-1ef">
         <name>.cinit..data.load</name>
         <load_address>0x66e0</load_address>
         <readonly>true</readonly>
         <run_address>0x66e0</run_address>
         <size>0xe</size>
         <alignment>0x1</alignment>
      </object_component>
      <object_component id="oc-1ed">
         <name>__TI_handler_table</name>
         <load_address>0x66f0</load_address>
         <readonly>true</readonly>
         <run_address>0x66f0</run_address>
         <size>0xc</size>
         <alignment>0x4</alignment>
      </object_component>
      <object_component id="oc-1f0">
         <name>.cinit..bss.load</name>
         <load_address>0x66fc</load_address>
         <readonly>true</readonly>
         <run_address>0x66fc</run_address>
         <size>0x8</size>
         <alignment>0x4</alignment>
      </object_component>
      <object_component id="oc-1ee">
         <name>__TI_cinit_table</name>
         <load_address>0x6704</load_address>
         <readonly>true</readonly>
         <run_address>0x6704</run_address>
         <size>0x10</size>
         <alignment>0x4</alignment>
      </object_component>
      <object_component id="oc-189">
         <name>.rodata.ascii_3216</name>
         <load_address>0xc0</load_address>
         <readonly>true</readonly>
         <run_address>0xc0</run_address>
         <size>0x17c0</size>
         <alignment>0x1</alignment>
         <input_file_ref idref="fl-8"/>
      </object_component>
      <object_component id="oc-186">
         <name>.rodata.ascii_2412</name>
         <load_address>0x1880</load_address>
         <readonly>true</readonly>
         <run_address>0x1880</run_address>
         <size>0x11d0</size>
         <alignment>0x1</alignment>
         <input_file_ref idref="fl-8"/>
      </object_component>
      <object_component id="oc-187">
         <name>.rodata.ascii_1608</name>
         <load_address>0x2a50</load_address>
         <readonly>true</readonly>
         <run_address>0x2a50</run_address>
         <size>0x5f0</size>
         <alignment>0x1</alignment>
         <input_file_ref idref="fl-8"/>
      </object_component>
      <object_component id="oc-188">
         <name>.rodata.ascii_1206</name>
         <load_address>0x3040</load_address>
         <readonly>true</readonly>
         <run_address>0x3040</run_address>
         <size>0x474</size>
         <alignment>0x1</alignment>
         <input_file_ref idref="fl-8"/>
      </object_component>
      <object_component id="oc-164">
         <name>.rodata.gButtonTimerConfig</name>
         <load_address>0x34b4</load_address>
         <readonly>true</readonly>
         <run_address>0x34b4</run_address>
         <size>0x14</size>
         <alignment>0x4</alignment>
         <input_file_ref idref="fl-2"/>
      </object_component>
      <object_component id="oc-162">
         <name>.rodata.gTIMER_0TimerConfig</name>
         <load_address>0x34c8</load_address>
         <readonly>true</readonly>
         <run_address>0x34c8</run_address>
         <size>0x14</size>
         <alignment>0x4</alignment>
         <input_file_ref idref="fl-2"/>
      </object_component>
      <object_component id="oc-176">
         <name>.rodata.gSPI_LCD_config</name>
         <load_address>0x34dc</load_address>
         <readonly>true</readonly>
         <run_address>0x34dc</run_address>
         <size>0xa</size>
         <alignment>0x2</alignment>
         <input_file_ref idref="fl-2"/>
      </object_component>
      <object_component id="oc-16d">
         <name>.rodata.gUART_0Config</name>
         <load_address>0x34e6</load_address>
         <readonly>true</readonly>
         <run_address>0x34e6</run_address>
         <size>0xa</size>
         <alignment>0x2</alignment>
         <input_file_ref idref="fl-2"/>
      </object_component>
      <object_component id="oc-17d">
         <name>.rodata.gADC_voltageClockConfig</name>
         <load_address>0x34f0</load_address>
         <readonly>true</readonly>
         <run_address>0x34f0</run_address>
         <size>0x8</size>
         <alignment>0x4</alignment>
         <input_file_ref idref="fl-2"/>
      </object_component>
      <object_component id="oc-15e">
         <name>.rodata.gPWM_MOTORConfig</name>
         <load_address>0x34f8</load_address>
         <readonly>true</readonly>
         <run_address>0x34f8</run_address>
         <size>0x8</size>
         <alignment>0x4</alignment>
         <input_file_ref idref="fl-2"/>
      </object_component>
      <object_component id="oc-d8">
         <name>.rodata.str1.9517790425240694019.1</name>
         <load_address>0x3500</load_address>
         <readonly>true</readonly>
         <run_address>0x3500</run_address>
         <size>0x6</size>
         <alignment>0x1</alignment>
         <input_file_ref idref="fl-1"/>
      </object_component>
      <object_component id="oc-d7">
         <name>.rodata.str1.254342170260855183.1</name>
         <load_address>0x3506</load_address>
         <readonly>true</readonly>
         <run_address>0x3506</run_address>
         <size>0x5</size>
         <alignment>0x1</alignment>
         <input_file_ref idref="fl-1"/>
      </object_component>
      <object_component id="oc-163">
         <name>.rodata.gButtonClockConfig</name>
         <load_address>0x350b</load_address>
         <readonly>true</readonly>
         <run_address>0x350b</run_address>
         <size>0x3</size>
         <alignment>0x1</alignment>
         <input_file_ref idref="fl-2"/>
      </object_component>
      <object_component id="oc-15d">
         <name>.rodata.gPWM_MOTORClockConfig</name>
         <load_address>0x350e</load_address>
         <readonly>true</readonly>
         <run_address>0x350e</run_address>
         <size>0x3</size>
         <alignment>0x1</alignment>
         <input_file_ref idref="fl-2"/>
      </object_component>
      <object_component id="oc-15f">
         <name>.rodata.gQEI_0ClockConfig</name>
         <load_address>0x3511</load_address>
         <readonly>true</readonly>
         <run_address>0x3511</run_address>
         <size>0x3</size>
         <alignment>0x1</alignment>
         <input_file_ref idref="fl-2"/>
      </object_component>
      <object_component id="oc-161">
         <name>.rodata.gTIMER_0ClockConfig</name>
         <load_address>0x3514</load_address>
         <readonly>true</readonly>
         <run_address>0x3514</run_address>
         <size>0x3</size>
         <alignment>0x1</alignment>
         <input_file_ref idref="fl-2"/>
      </object_component>
      <object_component id="oc-d9">
         <name>.rodata.str1.14685083708502177989.1</name>
         <load_address>0x3517</load_address>
         <readonly>true</readonly>
         <run_address>0x3517</run_address>
         <size>0x3</size>
         <alignment>0x1</alignment>
         <input_file_ref idref="fl-1"/>
      </object_component>
      <object_component id="oc-175">
         <name>.rodata.gSPI_LCD_clockConfig</name>
         <load_address>0x351a</load_address>
         <readonly>true</readonly>
         <run_address>0x351a</run_address>
         <size>0x2</size>
         <alignment>0x1</alignment>
         <input_file_ref idref="fl-2"/>
      </object_component>
      <object_component id="oc-16c">
         <name>.rodata.gUART_0ClockConfig</name>
         <load_address>0x351c</load_address>
         <readonly>true</readonly>
         <run_address>0x351c</run_address>
         <size>0x2</size>
         <alignment>0x1</alignment>
         <input_file_ref idref="fl-2"/>
      </object_component>
      <object_component id="oc-1b7">
         <name>.binit</name>
         <load_address>0x0</load_address>
         <readonly>true</readonly>
         <run_address>0x0</run_address>
         <size>0x0</size>
         <alignment>0x4</alignment>
      </object_component>
      <object_component id="oc-63">
         <name>.data.ADC_flag</name>
         <load_address>0x202002ce</load_address>
         <readwrite>true</readwrite>
         <run_address>0x202002ce</run_address>
         <size>0x1</size>
         <alignment>0x1</alignment>
         <input_file_ref idref="fl-1"/>
      </object_component>
      <object_component id="oc-62">
         <name>.data.motor_direction</name>
         <load_address>0x202002d4</load_address>
         <readwrite>true</readwrite>
         <run_address>0x202002d4</run_address>
         <size>0x1</size>
         <alignment>0x1</alignment>
         <input_file_ref idref="fl-1"/>
      </object_component>
      <object_component id="oc-64">
         <name>.data.motor_flag</name>
         <load_address>0x202002d5</load_address>
         <readwrite>true</readwrite>
         <run_address>0x202002d5</run_address>
         <size>0x1</size>
         <alignment>0x1</alignment>
         <input_file_ref idref="fl-1"/>
      </object_component>
      <object_component id="oc-d3">
         <name>.data.key1_num</name>
         <load_address>0x202002d0</load_address>
         <readwrite>true</readwrite>
         <run_address>0x202002d0</run_address>
         <size>0x1</size>
         <alignment>0x1</alignment>
         <input_file_ref idref="fl-1"/>
      </object_component>
      <object_component id="oc-d4">
         <name>.data.key2_num</name>
         <load_address>0x202002d1</load_address>
         <readwrite>true</readwrite>
         <run_address>0x202002d1</run_address>
         <size>0x1</size>
         <alignment>0x1</alignment>
         <input_file_ref idref="fl-1"/>
      </object_component>
      <object_component id="oc-d5">
         <name>.data.key3_num</name>
         <load_address>0x202002d2</load_address>
         <readwrite>true</readwrite>
         <run_address>0x202002d2</run_address>
         <size>0x1</size>
         <alignment>0x1</alignment>
         <input_file_ref idref="fl-1"/>
      </object_component>
      <object_component id="oc-d6">
         <name>.data.key4_num</name>
         <load_address>0x202002d3</load_address>
         <readwrite>true</readwrite>
         <run_address>0x202002d3</run_address>
         <size>0x1</size>
         <alignment>0x1</alignment>
         <input_file_ref idref="fl-1"/>
      </object_component>
      <object_component id="oc-84">
         <name>.data.btn_head</name>
         <load_address>0x202002c4</load_address>
         <readwrite>true</readwrite>
         <run_address>0x202002c4</run_address>
         <size>0x4</size>
         <alignment>0x4</alignment>
         <input_file_ref idref="fl-7"/>
      </object_component>
      <object_component id="oc-125">
         <name>.data.button_cnt</name>
         <load_address>0x202002cf</load_address>
         <readwrite>true</readwrite>
         <run_address>0x202002cf</run_address>
         <size>0x1</size>
         <alignment>0x1</alignment>
         <input_file_ref idref="fl-7"/>
      </object_component>
      <object_component id="oc-83">
         <name>.data.key_rst_data</name>
         <load_address>0x202002ca</load_address>
         <readwrite>true</readwrite>
         <run_address>0x202002ca</run_address>
         <size>0x2</size>
         <alignment>0x2</alignment>
         <input_file_ref idref="fl-7"/>
      </object_component>
      <object_component id="oc-85">
         <name>.data.cont</name>
         <load_address>0x202002c8</load_address>
         <readwrite>true</readwrite>
         <run_address>0x202002c8</run_address>
         <size>0x2</size>
         <alignment>0x2</alignment>
         <input_file_ref idref="fl-7"/>
      </object_component>
      <object_component id="oc-86">
         <name>.data.trg</name>
         <load_address>0x202002cc</load_address>
         <readwrite>true</readwrite>
         <run_address>0x202002cc</run_address>
         <size>0x2</size>
         <alignment>0x2</alignment>
         <input_file_ref idref="fl-7"/>
      </object_component>
      <object_component id="oc-117">
         <name>.bss.user_button</name>
         <uninitialized>true</uninitialized>
         <readwrite>true</readwrite>
         <run_address>0x20200218</run_address>
         <size>0x70</size>
         <alignment>0x4</alignment>
         <input_file_ref idref="fl-7"/>
      </object_component>
      <object_component id="oc-cd">
         <name>.common:digital_voltage</name>
         <uninitialized>true</uninitialized>
         <readwrite>true</readwrite>
         <run_address>0x202002bc</run_address>
         <size>0x2</size>
         <alignment>0x2</alignment>
      </object_component>
      <object_component id="oc-ce">
         <name>.common:analog_voltage</name>
         <uninitialized>true</uninitialized>
         <readwrite>true</readwrite>
         <run_address>0x202002b0</run_address>
         <size>0x4</size>
         <alignment>0x4</alignment>
      </object_component>
      <object_component id="oc-cf">
         <name>.common:get_digital</name>
         <uninitialized>true</uninitialized>
         <readwrite>true</readwrite>
         <run_address>0x202002be</run_address>
         <size>0x2</size>
         <alignment>0x2</alignment>
      </object_component>
      <object_component id="oc-d0">
         <name>.common:angle</name>
         <uninitialized>true</uninitialized>
         <readwrite>true</readwrite>
         <run_address>0x202002b4</run_address>
         <size>0x4</size>
         <alignment>0x4</alignment>
      </object_component>
      <object_component id="oc-d1">
         <name>.common:pulse</name>
         <uninitialized>true</uninitialized>
         <readwrite>true</readwrite>
         <run_address>0x202002c0</run_address>
         <size>0x2</size>
         <alignment>0x2</alignment>
      </object_component>
      <object_component id="oc-d2">
         <name>.common:n_speed</name>
         <uninitialized>true</uninitialized>
         <readwrite>true</readwrite>
         <run_address>0x202002b8</run_address>
         <size>0x4</size>
         <alignment>0x4</alignment>
      </object_component>
      <object_component id="oc-105">
         <name>.common:gQEI_0Backup</name>
         <uninitialized>true</uninitialized>
         <readwrite>true</readwrite>
         <run_address>0x20200178</run_address>
         <size>0xa0</size>
         <alignment>0x4</alignment>
      </object_component>
      <object_component id="oc-106">
         <name>.common:gTIMER_0Backup</name>
         <uninitialized>true</uninitialized>
         <readwrite>true</readwrite>
         <run_address>0x202000bc</run_address>
         <size>0xbc</size>
         <alignment>0x4</alignment>
      </object_component>
      <object_component id="oc-107">
         <name>.common:gButtonBackup</name>
         <uninitialized>true</uninitialized>
         <readwrite>true</readwrite>
         <run_address>0x20200000</run_address>
         <size>0xbc</size>
         <alignment>0x4</alignment>
      </object_component>
      <object_component id="oc-108">
         <name>.common:gSPI_LCDBackup</name>
         <uninitialized>true</uninitialized>
         <readwrite>true</readwrite>
         <run_address>0x20200288</run_address>
         <size>0x28</size>
         <alignment>0x4</alignment>
      </object_component>
      <object_component id="oc-1a">
         <name>.stack</name>
         <uninitialized>true</uninitialized>
         <readwrite>true</readwrite>
         <run_address>0x20207e00</run_address>
         <size>0x4</size>
         <alignment>0x4</alignment>
         <input_file_ref idref="fl-35"/>
      </object_component>
      <object_component id="oc-1f2">
         <name>.stack</name>
         <uninitialized>true</uninitialized>
         <readwrite>true</readwrite>
         <run_address>0x20207e00</run_address>
         <size>0x0</size>
         <alignment>0x8</alignment>
      </object_component>
      <object_component id="oc-61">
         <name>.debug_loc</name>
         <load_address>0x0</load_address>
         <run_address>0x0</run_address>
         <size>0x5b</size>
         <alignment>0x1</alignment>
         <input_file_ref idref="fl-1"/>
      </object_component>
      <object_component id="oc-fb">
         <name>.debug_loc</name>
         <load_address>0x5b</load_address>
         <run_address>0x5b</run_address>
         <size>0x1eb</size>
         <alignment>0x1</alignment>
         <input_file_ref idref="fl-2"/>
      </object_component>
      <object_component id="oc-110">
         <name>.debug_loc</name>
         <load_address>0x246</load_address>
         <run_address>0x246</run_address>
         <size>0x260</size>
         <alignment>0x1</alignment>
         <input_file_ref idref="fl-4"/>
      </object_component>
      <object_component id="oc-11d">
         <name>.debug_loc</name>
         <load_address>0x4a6</load_address>
         <run_address>0x4a6</run_address>
         <size>0xa0</size>
         <alignment>0x1</alignment>
         <input_file_ref idref="fl-5"/>
      </object_component>
      <object_component id="oc-1aa">
         <name>.debug_loc</name>
         <load_address>0x546</load_address>
         <run_address>0x546</run_address>
         <size>0x15</size>
         <alignment>0x1</alignment>
         <input_file_ref idref="fl-6"/>
      </object_component>
      <object_component id="oc-66">
         <name>.debug_loc</name>
         <load_address>0x55b</load_address>
         <run_address>0x55b</run_address>
         <size>0x29d</size>
         <alignment>0x1</alignment>
         <input_file_ref idref="fl-7"/>
      </object_component>
      <object_component id="oc-a1">
         <name>.debug_loc</name>
         <load_address>0x7f8</load_address>
         <run_address>0x7f8</run_address>
         <size>0x18e2</size>
         <alignment>0x1</alignment>
         <input_file_ref idref="fl-8"/>
      </object_component>
      <object_component id="oc-9b">
         <name>.debug_loc</name>
         <load_address>0x20da</load_address>
         <run_address>0x20da</run_address>
         <size>0x10f2</size>
         <alignment>0x1</alignment>
         <input_file_ref idref="fl-9"/>
      </object_component>
      <object_component id="oc-131">
         <name>.debug_loc</name>
         <load_address>0x31cc</load_address>
         <run_address>0x31cc</run_address>
         <size>0x40</size>
         <alignment>0x1</alignment>
         <input_file_ref idref="fl-a"/>
      </object_component>
      <object_component id="oc-17c">
         <name>.debug_loc</name>
         <load_address>0x320c</load_address>
         <run_address>0x320c</run_address>
         <size>0xc7</size>
         <alignment>0x1</alignment>
         <input_file_ref idref="fl-18"/>
      </object_component>
      <object_component id="oc-19f">
         <name>.debug_loc</name>
         <load_address>0x32d3</load_address>
         <run_address>0x32d3</run_address>
         <size>0x13</size>
         <alignment>0x1</alignment>
         <input_file_ref idref="fl-19"/>
      </object_component>
      <object_component id="oc-170">
         <name>.debug_loc</name>
         <load_address>0x32e6</load_address>
         <run_address>0x32e6</run_address>
         <size>0x88e</size>
         <alignment>0x1</alignment>
         <input_file_ref idref="fl-1a"/>
      </object_component>
      <object_component id="oc-155">
         <name>.debug_loc</name>
         <load_address>0x3b74</load_address>
         <run_address>0x3b74</run_address>
         <size>0x1a68</size>
         <alignment>0x1</alignment>
         <input_file_ref idref="fl-1b"/>
      </object_component>
      <object_component id="oc-16a">
         <name>.debug_loc</name>
         <load_address>0x55dc</load_address>
         <run_address>0x55dc</run_address>
         <size>0x7e4</size>
         <alignment>0x1</alignment>
         <input_file_ref idref="fl-1c"/>
      </object_component>
      <object_component id="oc-43">
         <name>.debug_loc</name>
         <load_address>0x5dc0</load_address>
         <run_address>0x5dc0</run_address>
         <size>0xd8</size>
         <alignment>0x1</alignment>
         <input_file_ref idref="fl-35"/>
      </object_component>
      <object_component id="oc-e2">
         <name>.debug_loc</name>
         <load_address>0x5e98</load_address>
         <run_address>0x5e98</run_address>
         <size>0x424</size>
         <alignment>0x1</alignment>
         <input_file_ref idref="fl-37"/>
      </object_component>
      <object_component id="oc-50">
         <name>.debug_loc</name>
         <load_address>0x62bc</load_address>
         <run_address>0x62bc</run_address>
         <size>0x16c</size>
         <alignment>0x1</alignment>
         <input_file_ref idref="fl-3a"/>
      </object_component>
      <object_component id="oc-4e">
         <name>.debug_loc</name>
         <load_address>0x6428</load_address>
         <run_address>0x6428</run_address>
         <size>0x6f</size>
         <alignment>0x1</alignment>
         <input_file_ref idref="fl-3b"/>
      </object_component>
      <object_component id="oc-46">
         <name>.debug_loc</name>
         <load_address>0x6497</load_address>
         <run_address>0x6497</run_address>
         <size>0x167</size>
         <alignment>0x1</alignment>
         <input_file_ref idref="fl-3c"/>
      </object_component>
      <object_component id="oc-e0">
         <name>.debug_loc</name>
         <load_address>0x65fe</load_address>
         <run_address>0x65fe</run_address>
         <size>0x26</size>
         <alignment>0x1</alignment>
         <input_file_ref idref="fl-3f"/>
      </object_component>
      <object_component id="oc-1ad">
         <name>.debug_loc</name>
         <load_address>0x6624</load_address>
         <run_address>0x6624</run_address>
         <size>0x20</size>
         <alignment>0x1</alignment>
         <input_file_ref idref="fl-119"/>
      </object_component>
      <object_component id="oc-5f">
         <name>.debug_abbrev</name>
         <load_address>0x0</load_address>
         <run_address>0x0</run_address>
         <size>0x1cd</size>
         <alignment>0x1</alignment>
         <input_file_ref idref="fl-1"/>
      </object_component>
      <object_component id="oc-109">
         <name>.debug_abbrev</name>
         <load_address>0x1cd</load_address>
         <run_address>0x1cd</run_address>
         <size>0x22f</size>
         <alignment>0x1</alignment>
         <input_file_ref idref="fl-2"/>
      </object_component>
      <object_component id="oc-3d">
         <name>.debug_abbrev</name>
         <load_address>0x3fc</load_address>
         <run_address>0x3fc</run_address>
         <size>0x6d</size>
         <alignment>0x1</alignment>
         <input_file_ref idref="fl-3"/>
      </object_component>
      <object_component id="oc-17e">
         <name>.debug_abbrev</name>
         <load_address>0x469</load_address>
         <run_address>0x469</run_address>
         <size>0x232</size>
         <alignment>0x1</alignment>
         <input_file_ref idref="fl-4"/>
      </object_component>
      <object_component id="oc-184">
         <name>.debug_abbrev</name>
         <load_address>0x69b</load_address>
         <run_address>0x69b</run_address>
         <size>0xf5</size>
         <alignment>0x1</alignment>
         <input_file_ref idref="fl-5"/>
      </object_component>
      <object_component id="oc-1a8">
         <name>.debug_abbrev</name>
         <load_address>0x790</load_address>
         <run_address>0x790</run_address>
         <size>0x10d</size>
         <alignment>0x1</alignment>
         <input_file_ref idref="fl-6"/>
      </object_component>
      <object_component id="oc-87">
         <name>.debug_abbrev</name>
         <load_address>0x89d</load_address>
         <run_address>0x89d</run_address>
         <size>0x1e6</size>
         <alignment>0x1</alignment>
         <input_file_ref idref="fl-7"/>
      </object_component>
      <object_component id="oc-115">
         <name>.debug_abbrev</name>
         <load_address>0xa83</load_address>
         <run_address>0xa83</run_address>
         <size>0x1d0</size>
         <alignment>0x1</alignment>
         <input_file_ref idref="fl-8"/>
      </object_component>
      <object_component id="oc-111">
         <name>.debug_abbrev</name>
         <load_address>0xc53</load_address>
         <run_address>0xc53</run_address>
         <size>0x197</size>
         <alignment>0x1</alignment>
         <input_file_ref idref="fl-9"/>
      </object_component>
      <object_component id="oc-12f">
         <name>.debug_abbrev</name>
         <load_address>0xdea</load_address>
         <run_address>0xdea</run_address>
         <size>0x141</size>
         <alignment>0x1</alignment>
         <input_file_ref idref="fl-a"/>
      </object_component>
      <object_component id="oc-1a6">
         <name>.debug_abbrev</name>
         <load_address>0xf2b</load_address>
         <run_address>0xf2b</run_address>
         <size>0x171</size>
         <alignment>0x1</alignment>
         <input_file_ref idref="fl-18"/>
      </object_component>
      <object_component id="oc-19d">
         <name>.debug_abbrev</name>
         <load_address>0x109c</load_address>
         <run_address>0x109c</run_address>
         <size>0x62</size>
         <alignment>0x1</alignment>
         <input_file_ref idref="fl-19"/>
      </object_component>
      <object_component id="oc-1a4">
         <name>.debug_abbrev</name>
         <load_address>0x10fe</load_address>
         <run_address>0x10fe</run_address>
         <size>0x277</size>
         <alignment>0x1</alignment>
         <input_file_ref idref="fl-1a"/>
      </object_component>
      <object_component id="oc-1a0">
         <name>.debug_abbrev</name>
         <load_address>0x1375</load_address>
         <run_address>0x1375</run_address>
         <size>0x286</size>
         <alignment>0x1</alignment>
         <input_file_ref idref="fl-1b"/>
      </object_component>
      <object_component id="oc-1a2">
         <name>.debug_abbrev</name>
         <load_address>0x15fb</load_address>
         <run_address>0x15fb</run_address>
         <size>0x29b</size>
         <alignment>0x1</alignment>
         <input_file_ref idref="fl-1c"/>
      </object_component>
      <object_component id="oc-3f">
         <name>.debug_abbrev</name>
         <load_address>0x1896</load_address>
         <run_address>0x1896</run_address>
         <size>0xaf</size>
         <alignment>0x1</alignment>
         <input_file_ref idref="fl-35"/>
      </object_component>
      <object_component id="oc-148">
         <name>.debug_abbrev</name>
         <load_address>0x1945</load_address>
         <run_address>0x1945</run_address>
         <size>0x170</size>
         <alignment>0x1</alignment>
         <input_file_ref idref="fl-37"/>
      </object_component>
      <object_component id="oc-91">
         <name>.debug_abbrev</name>
         <load_address>0x1ab5</load_address>
         <run_address>0x1ab5</run_address>
         <size>0x39</size>
         <alignment>0x1</alignment>
         <input_file_ref idref="fl-38"/>
[...]
         <name>TIMG8_IRQHandler</name>
         <value>0x6495</value>
         <object_component_ref idref="oc-39"/>
      </symbol>
      <symbol id="sm-60">
         <name>TIMA0_IRQHandler</name>
         <value>0x64dd</value>
         <object_component_ref idref="oc-3b"/>
      </symbol>
      <symbol id="sm-61">
         <name>TIMA1_IRQHandler</name>
         <value>0x6569</value>
         <object_component_ref idref="oc-3c"/>
      </symbol>
      <symbol id="sm-a2">
         <name>SYSCFG_DL_init</name>
         <value>0x602d</value>
         <object_component_ref idref="oc-93"/>
      </symbol>
      <symbol id="sm-a3">
         <name>SYSCFG_DL_initPower</name>
         <value>0x5cc9</value>
         <object_component_ref idref="oc-fa"/>
      </symbol>
      <symbol id="sm-a4">
         <name>SYSCFG_DL_GPIO_init</name>
         <value>0x5a5d</value>
         <object_component_ref idref="oc-fc"/>
      </symbol>
      <symbol id="sm-a5">
         <name>SYSCFG_DL_SYSCTL_init</name>
         <value>0x6235</value>
         <object_component_ref idref="oc-fd"/>
      </symbol>
      <symbol id="sm-a6">
         <name>SYSCFG_DL_PWM_MOTOR_init</name>
         <value>0x5ea5</value>
         <object_component_ref idref="oc-fe"/>
      </symbol>
      <symbol id="sm-a7">
         <name>SYSCFG_DL_QEI_0_init</name>
         <value>0x5fd1</value>
         <object_component_ref idref="oc-ff"/>
      </symbol>
      <symbol id="sm-a8">
         <name>SYSCFG_DL_TIMER_0_init</name>
         <value>0x62f1</value>
         <object_component_ref idref="oc-100"/>
      </symbol>
      <symbol id="sm-a9">
         <name>SYSCFG_DL_Button_init</name>
         <value>0x62b5</value>
         <object_component_ref idref="oc-101"/>
      </symbol>
      <symbol id="sm-aa">
         <name>SYSCFG_DL_UART_0_init</name>
         <value>0x5f71</value>
         <object_component_ref idref="oc-102"/>
      </symbol>
      <symbol id="sm-ab">
         <name>SYSCFG_DL_SPI_LCD_init</name>
         <value>0x60d1</value>
         <object_component_ref idref="oc-103"/>
      </symbol>
      <symbol id="sm-ac">
         <name>SYSCFG_DL_ADC_voltage_init</name>
         <value>0x6081</value>
         <object_component_ref idref="oc-104"/>
      </symbol>
      <symbol id="sm-ad">
         <name>gQEI_0Backup</name>
         <value>0x20200178</value>
      </symbol>
      <symbol id="sm-ae">
         <name>gTIMER_0Backup</name>
         <value>0x202000bc</value>
      </symbol>
      <symbol id="sm-af">
         <name>gButtonBackup</name>
         <value>0x20200000</value>
      </symbol>
      <symbol id="sm-b0">
         <name>gSPI_LCDBackup</name>
         <value>0x20200288</value>
      </symbol>
      <symbol id="sm-bb">
         <name>Default_Handler</name>
         <value>0x4593</value>
         <object_component_ref idref="oc-33"/>
      </symbol>
      <symbol id="sm-bc">
         <name>Reset_Handler</name>
         <value>0x66cb</value>
         <object_component_ref idref="oc-2f"/>
      </symbol>
      <symbol id="sm-bd">
         <name>interruptVectors</name>
         <value>0x0</value>
         <object_component_ref idref="oc-18"/>
      </symbol>
      <symbol id="sm-be">
         <name>NMI_Handler</name>
         <value>0x4593</value>
         <object_component_ref idref="oc-33"/>
      </symbol>
      <symbol id="sm-bf">
         <name>HardFault_Handler</name>
         <value>0x4593</value>
         <object_component_ref idref="oc-33"/>
      </symbol>
      <symbol id="sm-c0">
         <name>SVC_Handler</name>
         <value>0x4593</value>
         <object_component_ref idref="oc-33"/>
      </symbol>
      <symbol id="sm-c1">
         <name>PendSV_Handler</name>
         <value>0x4593</value>
         <object_component_ref idref="oc-33"/>
      </symbol>
      <symbol id="sm-c2">
         <name>SysTick_Handler</name>
         <value>0x4593</value>
         <object_component_ref idref="oc-33"/>
      </symbol>
      <symbol id="sm-c3">
         <name>GROUP0_IRQHandler</name>
         <value>0x4593</value>
         <object_component_ref idref="oc-33"/>
      </symbol>
      <symbol id="sm-c4">
         <name>UART3_IRQHandler</name>
         <value>0x4593</value>
         <object_component_ref idref="oc-33"/>
      </symbol>
      <symbol id="sm-c5">
         <name>ADC0_IRQHandler</name>
         <value>0x4593</value>
         <object_component_ref idref="oc-33"/>
      </symbol>
      <symbol id="sm-c6">
         <name>CANFD0_IRQHandler</name>
         <value>0x4593</value>
         <object_component_ref idref="oc-33"/>
      </symbol>
      <symbol id="sm-c7">
         <name>DAC0_IRQHandler</name>
         <value>0x4593</value>
         <object_component_ref idref="oc-33"/>
      </symbol>
      <symbol id="sm-c8">
         <name>SPI0_IRQHandler</name>
         <value>0x4593</value>
         <object_component_ref idref="oc-33"/>
      </symbol>
      <symbol id="sm-c9">
         <name>SPI1_IRQHandler</name>
         <value>0x4593</value>
         <object_component_ref idref="oc-33"/>
      </symbol>
      <symbol id="sm-ca">
         <name>UART1_IRQHandler</name>
         <value>0x4593</value>
         <object_component_ref idref="oc-33"/>
      </symbol>
      <symbol id="sm-cb">
         <name>UART2_IRQHandler</name>
         <value>0x4593</value>
         <object_component_ref idref="oc-33"/>
      </symbol>
      <symbol id="sm-cc">
         <name>UART0_IRQHandler</name>
         <value>0x4593</value>
         <object_component_ref idref="oc-33"/>
      </symbol>
      <symbol id="sm-cd">
         <name>TIMG0_IRQHandler</name>
         <value>0x4593</value>
         <object_component_ref idref="oc-33"/>
      </symbol>
      <symbol id="sm-ce">
         <name>TIMG6_IRQHandler</name>
         <value>0x4593</value>
         <object_component_ref idref="oc-33"/>
      </symbol>
      <symbol id="sm-cf">
         <name>TIMG7_IRQHandler</name>
         <value>0x4593</value>
         <object_component_ref idref="oc-33"/>
      </symbol>
      <symbol id="sm-d0">
         <name>TIMG12_IRQHandler</name>
         <value>0x4593</value>
         <object_component_ref idref="oc-33"/>
      </symbol>
      <symbol id="sm-d1">
         <name>I2C0_IRQHandler</name>
         <value>0x4593</value>
         <object_component_ref idref="oc-33"/>
      </symbol>
      <symbol id="sm-d2">
         <name>I2C1_IRQHandler</name>
         <value>0x4593</value>
         <object_component_ref idref="oc-33"/>
      </symbol>
      <symbol id="sm-d3">
         <name>AES_IRQHandler</name>
         <value>0x4593</value>
         <object_component_ref idref="oc-33"/>
      </symbol>
      <symbol id="sm-d4">
         <name>RTC_IRQHandler</name>
         <value>0x4593</value>
         <object_component_ref idref="oc-33"/>
      </symbol>
      <symbol id="sm-d5">
         <name>DMA_IRQHandler</name>
         <value>0x4593</value>
         <object_component_ref idref="oc-33"/>
      </symbol>
      <symbol id="sm-df">
         <name>delay_ms</name>
         <value>0x6655</value>
         <object_component_ref idref="oc-10b"/>
      </symbol>
      <symbol id="sm-f3">
         <name>btn_up_cb</name>
         <value>0x65c9</value>
         <object_component_ref idref="oc-119"/>
      </symbol>
      <symbol id="sm-f4">
         <name>btn_left_cb</name>
         <value>0x6599</value>
         <object_component_ref idref="oc-120"/>
      </symbol>
      <symbol id="sm-f5">
         <name>btn_right_cb</name>
         <value>0x65b1</value>
         <object_component_ref idref="oc-122"/>
      </symbol>
      <symbol id="sm-f6">
         <name>btn_down_cb</name>
         <value>0x6581</value>
         <object_component_ref idref="oc-124"/>
      </symbol>
      <symbol id="sm-100">
         <name>key_scan</name>
         <value>0x6419</value>
         <object_component_ref idref="oc-180"/>
      </symbol>
      <symbol id="sm-128">
         <name>user_button_init</name>
         <value>0x5081</value>
         <object_component_ref idref="oc-a4"/>
      </symbol>
      <symbol id="sm-129">
         <name>flex_button_scan</name>
         <value>0x5269</value>
         <object_component_ref idref="oc-65"/>
      </symbol>
      <symbol id="sm-13e">
         <name>LCD_Fill</name>
         <value>0x4995</value>
         <object_component_ref idref="oc-9e"/>
      </symbol>
      <symbol id="sm-13f">
         <name>LCD_ShowChar</name>
         <value>0x4595</value>
         <object_component_ref idref="oc-126"/>
      </symbol>
      <symbol id="sm-140">
         <name>ascii_2412</name>
         <value>0x1880</value>
         <object_component_ref idref="oc-186"/>
      </symbol>
      <symbol id="sm-141">
         <name>ascii_1608</name>
         <value>0x2a50</value>
         <object_component_ref idref="oc-187"/>
      </symbol>
      <symbol id="sm-142">
         <name>ascii_1206</name>
         <value>0x3040</value>
         <object_component_ref idref="oc-188"/>
      </symbol>
      <symbol id="sm-143">
         <name>ascii_3216</name>
         <value>0xc0</value>
         <object_component_ref idref="oc-189"/>
      </symbol>
      <symbol id="sm-144">
         <name>LCD_ShowString</name>
         <value>0x611d</value>
         <object_component_ref idref="oc-a5"/>
      </symbol>
      <symbol id="sm-145">
         <name>LCD_ShowIntNum</name>
         <value>0x566d</value>
         <object_component_ref idref="oc-cc"/>
      </symbol>
      <symbol id="sm-146">
         <name>LCD_ShowFloatNum1</name>
         <value>0x542d</value>
         <object_component_ref idref="oc-a6"/>
      </symbol>
      <symbol id="sm-158">
         <name>LCD_WR_DATA</name>
         <value>0x5e35</value>
         <object_component_ref idref="oc-114"/>
      </symbol>
      <symbol id="sm-159">
         <name>LCD_Address_Set</name>
         <value>0x4c55</value>
         <object_component_ref idref="oc-113"/>
      </symbol>
      <symbol id="sm-15a">
         <name>LCD_Init</name>
         <value>0x3521</value>
         <object_component_ref idref="oc-98"/>
      </symbol>
      <symbol id="sm-165">
         <name>MOTOR_STOP</name>
         <value>0x65f9</value>
         <object_component_ref idref="oc-a7"/>
      </symbol>
      <symbol id="sm-166">
         <name>__TI_ATRegion0_src_addr</name>
         <value>0x0</value>
      </symbol>
      <symbol id="sm-167">
         <name>__TI_ATRegion0_trg_addr</name>
         <value>0x0</value>
      </symbol>
      <symbol id="sm-168">
         <name>__TI_ATRegion0_region_sz</name>
         <value>0x0</value>
      </symbol>
      <symbol id="sm-169">
         <name>__TI_ATRegion1_src_addr</name>
         <value>0x0</value>
      </symbol>
      <symbol id="sm-16a">
         <name>__TI_ATRegion1_trg_addr</name>
         <value>0x0</value>
      </symbol>
      <symbol id="sm-16b">
         <name>__TI_ATRegion1_region_sz</name>
         <value>0x0</value>
      </symbol>
      <symbol id="sm-16c">
         <name>__TI_ATRegion2_src_addr</name>
         <value>0x0</value>
      </symbol>
      <symbol id="sm-16d">
         <name>__TI_ATRegion2_trg_addr</name>
         <value>0x0</value>
      </symbol>
      <symbol id="sm-16e">
         <name>__TI_ATRegion2_region_sz</name>
         <value>0x0</value>
      </symbol>
      <symbol id="sm-179">
         <name>DL_ADC12_setClockConfig</name>
         <value>0x61f5</value>
         <object_component_ref idref="oc-177"/>
      </symbol>
      <symbol id="sm-182">
         <name>DL_Common_delayCycles</name>
         <value>0x66ad</value>
         <object_component_ref idref="oc-14f"/>
      </symbol>
      <symbol id="sm-18f">
         <name>DL_SPI_init</name>
         <value>0x61b1</value>
         <object_component_ref idref="oc-174"/>
      </symbol>
      <symbol id="sm-190">
         <name>DL_SPI_setClockConfig</name>
         <value>0x660d</value>
         <object_component_ref idref="oc-16e"/>
      </symbol>
      <symbol id="sm-1ac">
         <name>DL_Timer_setClockConfig</name>
         <value>0x6535</value>
         <object_component_ref idref="oc-153"/>
      </symbol>
      <symbol id="sm-1ad">
         <name>DL_Timer_initTimerMode</name>
         <value>0x587d</value>
         <object_component_ref idref="oc-160"/>
      </symbol>
      <symbol id="sm-1ae">
         <name>DL_Timer_setCaptureCompareValue</name>
         <value>0x6645</value>
         <object_component_ref idref="oc-15c"/>
      </symbol>
      <symbol id="sm-1af">
         <name>DL_Timer_setCaptCompUpdateMethod</name>
         <value>0x6519</value>
         <object_component_ref idref="oc-15b"/>
      </symbol>
      <symbol id="sm-1b0">
         <name>DL_Timer_setCaptureCompareOutCtl</name>
         <value>0x6551</value>
         <object_component_ref idref="oc-15a"/>
      </symbol>
      <symbol id="sm-1b1">
         <name>DL_Timer_initFourCCPWMMode</name>
         <value>0x5779</value>
         <object_component_ref idref="oc-159"/>
      </symbol>
      <symbol id="sm-1be">
         <name>DL_UART_init</name>
         <value>0x6169</value>
         <object_component_ref idref="oc-16b"/>
      </symbol>
      <symbol id="sm-1bf">
         <name>DL_UART_setClockConfig</name>
         <value>0x661f</value>
         <object_component_ref idref="oc-165"/>
      </symbol>
      <symbol id="sm-1cc">
         <name>_c_int00_noargs</name>
         <value>0x646d</value>
         <object_component_ref idref="oc-58"/>
      </symbol>
      <symbol id="sm-1cd">
         <name>__stack</name>
         <value>0x20207e00</value>
         <object_component_ref idref="oc-1a"/>
      </symbol>
      <symbol id="sm-1d9">
         <name>__TI_auto_init_nobinit_nopinit</name>
         <value>0x6369</value>
         <object_component_ref idref="oc-e1"/>
      </symbol>
      <symbol id="sm-1e1">
         <name>_system_pre_init</name>
         <value>0x66cf</value>
         <object_component_ref idref="oc-74"/>
      </symbol>
      <symbol id="sm-1ec">
         <name>__TI_zero_init_nomemset</name>
         <value>0x65e1</value>
         <object_component_ref idref="oc-4f"/>
      </symbol>
      <symbol id="sm-1f5">
         <name>__TI_decompress_none</name>
         <value>0x6631</value>
         <object_component_ref idref="oc-20"/>
      </symbol>
      <symbol id="sm-200">
         <name>__TI_decompress_lzss</name>
         <value>0x5d45</value>
         <object_component_ref idref="oc-1c"/>
      </symbol>
      <symbol id="sm-20c">
         <name>abort</name>
         <value>0x66c1</value>
         <object_component_ref idref="oc-da"/>
      </symbol>
      <symbol id="sm-226">
         <name>HOSTexit</name>
         <value>0x66c7</value>
         <object_component_ref idref="oc-13e"/>
      </symbol>
      <symbol id="sm-227">
         <name>C$$EXIT</name>
         <value>0x66c6</value>
         <object_component_ref idref="oc-13e"/>
      </symbol>
      <symbol id="sm-23c">
         <name>__aeabi_dmul</name>
         <value>0x5979</value>
         <object_component_ref idref="oc-b0"/>
      </symbol>
      <symbol id="sm-23d">
         <name>__muldf3</name>
         <value>0x5979</value>
         <object_component_ref idref="oc-b0"/>
      </symbol>
      <symbol id="sm-243">
         <name>__muldsi3</name>
         <value>0x63a5</value>
         <object_component_ref idref="oc-133"/>
      </symbol>
      <symbol id="sm-249">
         <name>__aeabi_fmul</name>
         <value>0x5bb9</value>
         <object_component_ref idref="oc-c0"/>
      </symbol>
      <symbol id="sm-24a">
         <name>__mulsf3</name>
         <value>0x5bb9</value>
         <object_component_ref idref="oc-c0"/>
      </symbol>
      <symbol id="sm-250">
         <name>__aeabi_fdiv</name>
         <value>0x5c45</value>
         <object_component_ref idref="oc-c4"/>
      </symbol>
      <symbol id="sm-251">
         <name>__divsf3</name>
         <value>0x5c45</value>
         <object_component_ref idref="oc-c4"/>
      </symbol>
      <symbol id="sm-257">
         <name>__aeabi_ddiv</name>
         <value>0x5561</value>
         <object_component_ref idref="oc-b4"/>
      </symbol>
      <symbol id="sm-258">
         <name>__divdf3</name>
         <value>0x5561</value>
         <object_component_ref idref="oc-b4"/>
      </symbol>
      <symbol id="sm-25e">
         <name>__aeabi_f2iz</name>
         <value>0x63e1</value>
         <object_component_ref idref="oc-127"/>
      </symbol>
      <symbol id="sm-25f">
         <name>__fixsfsi</name>
         <value>0x63e1</value>
         <object_component_ref idref="oc-127"/>
      </symbol>
      <symbol id="sm-265">
         <name>__aeabi_i2f</name>
         <value>0x632d</value>
         <object_component_ref idref="oc-c8"/>
      </symbol>
      <symbol id="sm-266">
         <name>__floatsisf</name>
         <value>0x632d</value>
         <object_component_ref idref="oc-c8"/>
      </symbol>
      <symbol id="sm-26c">
         <name>__aeabi_ui2d</name>
         <value>0x64b9</value>
         <object_component_ref idref="oc-ac"/>
      </symbol>
      <symbol id="sm-26d">
         <name>__floatunsidf</name>
         <value>0x64b9</value>
         <object_component_ref idref="oc-ac"/>
      </symbol>
      <symbol id="sm-273">
         <name>__aeabi_ui2f</name>
         <value>0x6445</value>
         <object_component_ref idref="oc-bc"/>
      </symbol>
      <symbol id="sm-274">
         <name>__floatunsisf</name>
         <value>0x6445</value>
         <object_component_ref idref="oc-bc"/>
      </symbol>
      <symbol id="sm-27b">
         <name>__aeabi_d2f</name>
         <value>0x5dc1</value>
         <object_component_ref idref="oc-b8"/>
      </symbol>
      <symbol id="sm-27c">
         <name>__truncdfsf2</name>
         <value>0x5dc1</value>
         <object_component_ref idref="oc-b8"/>
      </symbol>
      <symbol id="sm-282">
         <name>__aeabi_memcpy</name>
         <value>0x66b9</value>
         <object_component_ref idref="oc-48"/>
      </symbol>
      <symbol id="sm-283">
         <name>__aeabi_memcpy4</name>
         <value>0x66b9</value>
         <object_component_ref idref="oc-48"/>
      </symbol>
      <symbol id="sm-284">
         <name>__aeabi_memcpy8</name>
         <value>0x66b9</value>
         <object_component_ref idref="oc-48"/>
      </symbol>
      <symbol id="sm-28b">
         <name>__aeabi_memclr</name>
         <value>0x6671</value>
         <object_component_ref idref="oc-6f"/>
      </symbol>
      <symbol id="sm-28c">
         <name>__aeabi_memclr4</name>
         <value>0x6671</value>
         <object_component_ref idref="oc-6f"/>
      </symbol>
      <symbol id="sm-28d">
         <name>__aeabi_memclr8</name>
         <value>0x6671</value>
         <object_component_ref idref="oc-6f"/>
      </symbol>
      <symbol id="sm-293">
         <name>__aeabi_uidiv</name>
         <value>0x6275</value>
         <object_component_ref idref="oc-12b"/>
      </symbol>
      <symbol id="sm-294">
         <name>__aeabi_uidivmod</name>
         <value>0x6275</value>
         <object_component_ref idref="oc-12b"/>
      </symbol>
      <symbol id="sm-29f">
         <name>__aeabi_idiv0</name>
         <value>0x5777</value>
         <object_component_ref idref="oc-18b"/>
      </symbol>
      <symbol id="sm-2b9">
         <name>memcpy</name>
         <value>0x5b1d</value>
         <object_component_ref idref="oc-8e"/>
      </symbol>
      <symbol id="sm-2c8">
         <name>memset</name>
         <value>0x5f0d</value>
         <object_component_ref idref="oc-f9"/>
      </symbol>
      <symbol id="sm-2c9">
         <name>__TI_static_base__</name>
         <value>0x0</value>
      </symbol>
      <symbol id="sm-2cc">
         <name>__mpu_init</name>
         <value>0x0</value>
      </symbol>
      <symbol id="sm-2cd">
         <name>_system_post_cinit</name>
         <value>0x0</value>
      </symbol>
   </symbol_table>
   <title>Link successful</title>
</link_info>
