******************************************************************************
            TI ARM Clang Linker PC v4.0.4                      
******************************************************************************
>> Linked Tue Apr 28 17:34:16 2026

OUTPUT FILE NAME:   <empty.out>
ENTRY POINT SYMBOL: "_c_int00_noargs"  address: 0000646d


MEMORY CONFIGURATION

         name            origin    length      used     unused   attr    fill
----------------------  --------  ---------  --------  --------  ----  --------
  FLASH                 00000000   00020000  00006718  000198e8  R  X
  SRAM                  20200000   00008000  000004d4  00007b2c  RW X
  BCR_CONFIG            41c00000   000000ff  00000000  000000ff  R   
  BSL_CONFIG            41c00100   00000080  00000000  00000080  R   


SEGMENT ALLOCATION MAP

run origin  load origin   length   init length attrs members
----------  ----------- ---------- ----------- ----- -------
00000000    00000000    00006718   00006718    r-x
  00000000    00000000    000000c0   000000c0    r-- .intvecs
  000000c0    000000c0    00003460   00003460    r-- .rodata
  00003520    00003520    000031c0   000031c0    r-x .text
  000066e0    000066e0    00000038   00000038    r-- .cinit
20200000    20200000    000002d6   00000000    rw-
  20200000    20200000    000002c2   00000000    rw- .bss
  202002c4    202002c4    00000012   00000000    rw- .data
20207e00    20207e00    00000200   00000000    rw-
  20207e00    20207e00    00000200   00000000    rw- .stack


SECTION ALLOCATION MAP

 output                                  attributes/
section   page    origin      length       input sections
--------  ----  ----------  ----------   ----------------
.intvecs   0    00000000    000000c0     
                  00000000    000000c0     startup_mspm0g350x_ticlang.o (.intvecs)

.text      0    00003520    000031c0     
                  00003520    00001072     lcd_init.o (.text.LCD_Init)
                  00004592    00000002     startup_mspm0g350x_ticlang.o (.text.Default_Handler)
                  00004594    00000400     lcd.o (.text.LCD_ShowChar)
                  00004994    000002c0     lcd.o (.text.LCD_Fill)
                  00004c54    00000234     lcd_init.o (.text.LCD_Address_Set)
                  00004e88    000001f8     empty.o (.text.main)
                  00005080    000001e8     mid_button.o (.text.user_button_init)
                  00005268    000001c4     mid_button.o (.text.flex_button_scan)
                  0000542c    00000134     lcd.o (.text.LCD_ShowFloatNum1)
                  00005560    0000010c     libclang_rt.builtins.a : divdf3.S.obj (.text.__divdf3)
                  0000566c    0000010a     lcd.o (.text.LCD_ShowIntNum)
                  00005776    00000002     libclang_rt.builtins.a : aeabi_div0.c.obj (.text.__aeabi_idiv0)
                  00005778    00000104     driverlib.a : dl_timer.o (.text.DL_Timer_initFourCCPWMMode)
                  0000587c    000000fc                 : dl_timer.o (.text.DL_Timer_initTimerMode)
                  00005978    000000e4     libclang_rt.builtins.a : muldf3.S.obj (.text.__muldf3)
                  00005a5c    000000c0     ti_msp_dl_config.o (.text.SYSCFG_DL_GPIO_init)
                  00005b1c    0000009a     libc.a : memcpy16.S.obj (.text:memcpy)
                  00005bb6    00000002     --HOLE-- [fill = 0]
                  00005bb8    0000008c     libclang_rt.builtins.a : mulsf3.S.obj (.text.__mulsf3)
                  00005c44    00000082                            : divsf3.S.obj (.text.__divsf3)
                  00005cc6    00000002     --HOLE-- [fill = 0]
                  00005cc8    0000007c     ti_msp_dl_config.o (.text.SYSCFG_DL_initPower)
                  00005d44    0000007c     libc.a : copy_decompress_lzss.c.obj (.text:decompress:lzss)
                  00005dc0    00000074     libclang_rt.builtins.a : truncdfsf2.S.obj (.text.__truncdfsf2)
                  00005e34    00000070     lcd_init.o (.text.LCD_WR_DATA)
                  00005ea4    00000068     ti_msp_dl_config.o (.text.SYSCFG_DL_PWM_MOTOR_init)
                  00005f0c    00000062     libc.a : memset16.S.obj (.text:memset)
                  00005f6e    00000002     --HOLE-- [fill = 0]
                  00005f70    00000060     ti_msp_dl_config.o (.text.SYSCFG_DL_UART_0_init)
                  00005fd0    0000005c     ti_msp_dl_config.o (.text.SYSCFG_DL_QEI_0_init)
                  0000602c    00000054     ti_msp_dl_config.o (.text.SYSCFG_DL_init)
                  00006080    00000050     ti_msp_dl_config.o (.text.SYSCFG_DL_ADC_voltage_init)
                  000060d0    0000004c     ti_msp_dl_config.o (.text.SYSCFG_DL_SPI_LCD_init)
                  0000611c    0000004a     lcd.o (.text.LCD_ShowString)
                  00006166    00000002     --HOLE-- [fill = 0]
                  00006168    00000048     driverlib.a : dl_uart.o (.text.DL_UART_init)
                  000061b0    00000044                 : dl_spi.o (.text.DL_SPI_init)
                  000061f4    00000040                 : dl_adc12.o (.text.DL_ADC12_setClockConfig)
                  00006234    00000040     ti_msp_dl_config.o (.text.SYSCFG_DL_SYSCTL_init)
                  00006274    00000040     libclang_rt.builtins.a : aeabi_uidivmod.S.obj (.text.__aeabi_uidivmod)
                  000062b4    0000003c     ti_msp_dl_config.o (.text.SYSCFG_DL_Button_init)
                  000062f0    0000003c     ti_msp_dl_config.o (.text.SYSCFG_DL_TIMER_0_init)
                  0000632c    0000003c     libclang_rt.builtins.a : floatsisf.S.obj (.text.__floatsisf)
                  00006368    0000003c     libc.a : autoinit.c.obj (.text:__TI_auto_init_nobinit_nopinit)
                  000063a4    0000003a     libclang_rt.builtins.a : muldsi3.S.obj (.text.__muldsi3)
                  000063de    00000002     --HOLE-- [fill = 0]
                  000063e0    00000038                            : fixsfsi.S.obj (.text.__fixsfsi)
                  00006418    0000002c     hw_key.o (.text.key_scan)
                  00006444    00000028     libclang_rt.builtins.a : floatunsisf.S.obj (.text.__floatunsisf)
                  0000646c    00000028     libc.a : boot_cortex_m.c.obj (.text:_c_int00_noargs)
                  00006494    00000024     empty.o (.text.TIMG8_IRQHandler)
                  000064b8    00000024     libclang_rt.builtins.a : floatunsidf.S.obj (.text.__floatunsidf)
                  000064dc    00000020     empty.o (.text.TIMA0_IRQHandler)
                  000064fc    0000001c     empty.o (.text.ADC1_IRQHandler)
                  00006518    0000001c     driverlib.a : dl_timer.o (.text.DL_Timer_setCaptCompUpdateMethod)
                  00006534    0000001c                 : dl_timer.o (.text.DL_Timer_setClockConfig)
                  00006550    00000018                 : dl_timer.o (.text.DL_Timer_setCaptureCompareOutCtl)
                  00006568    00000018     empty.o (.text.TIMA1_IRQHandler)
                  00006580    00000018     app_key_task.o (.text.btn_down_cb)
                  00006598    00000018     app_key_task.o (.text.btn_left_cb)
                  000065b0    00000018     app_key_task.o (.text.btn_right_cb)
                  000065c8    00000018     app_key_task.o (.text.btn_up_cb)
                  000065e0    00000016     libc.a : copy_zero_init.c.obj (.text:decompress:ZI:__TI_zero_init_nomemset)
                  000065f6    00000002     --HOLE-- [fill = 0]
                  000065f8    00000014     tb6612.o (.text.MOTOR_STOP)
                  0000660c    00000012     driverlib.a : dl_spi.o (.text.DL_SPI_setClockConfig)
                  0000661e    00000012                 : dl_uart.o (.text.DL_UART_setClockConfig)
                  00006630    00000012     libc.a : copy_decompress_none.c.obj (.text:decompress:none)
                  00006642    00000002     --HOLE-- [fill = 0]
                  00006644    00000010     driverlib.a : dl_timer.o (.text.DL_Timer_setCaptureCompareValue)
                  00006654    0000000e     board.o (.text.delay_ms)
                  00006662    00000002     --HOLE-- [fill = 0]
                  00006664    0000000c     empty.o (.text.GROUP1_IRQHandler)
                  00006670    0000000c     libclang_rt.builtins.a : aeabi_memset.S.obj (.text.__aeabi_memclr)
                  0000667c    0000000c     mid_button.o (.text.button_down_read)
                  00006688    0000000c     mid_button.o (.text.button_left_read)
                  00006694    0000000c     mid_button.o (.text.button_right_read)
                  000066a0    0000000c     mid_button.o (.text.button_up_read)
                  000066ac    0000000a     driverlib.a : dl_common.o (.text.DL_Common_delayCycles)
                  000066b6    00000002     --HOLE-- [fill = 0]
                  000066b8    00000008     libclang_rt.builtins.a : aeabi_memcpy.S.obj (.text.__aeabi_memcpy)
                  000066c0    00000006     libc.a : exit.c.obj (.text:abort)
                  000066c6    00000004     libsysbm.a : hostexit.c.obj (.text.HOSTexit)
                  000066ca    00000004     startup_mspm0g350x_ticlang.o (.text.Reset_Handler)
                  000066ce    00000004     libc.a : pre_init.c.obj (.text._system_pre_init)
                  000066d2    0000000e     --HOLE-- [fill = 0]

.cinit     0    000066e0    00000038     
                  000066e0    0000000e     (.cinit..data.load) [load image, compression = lzss]
                  000066ee    00000002     --HOLE-- [fill = 0]
                  000066f0    0000000c     (__TI_handler_table)
                  000066fc    00000008     (.cinit..bss.load) [load image, compression = zero_init]
                  00006704    00000010     (__TI_cinit_table)
                  00006714    00000004     --HOLE-- [fill = 0]

.rodata    0    000000c0    00003460     
                  000000c0    000017c0     lcd.o (.rodata.ascii_3216)
                  00001880    000011d0     lcd.o (.rodata.ascii_2412)
                  00002a50    000005f0     lcd.o (.rodata.ascii_1608)
                  00003040    00000474     lcd.o (.rodata.ascii_1206)
                  000034b4    00000014     ti_msp_dl_config.o (.rodata.gButtonTimerConfig)
                  000034c8    00000014     ti_msp_dl_config.o (.rodata.gTIMER_0TimerConfig)
                  000034dc    0000000a     ti_msp_dl_config.o (.rodata.gSPI_LCD_config)
                  000034e6    0000000a     ti_msp_dl_config.o (.rodata.gUART_0Config)
                  000034f0    00000008     ti_msp_dl_config.o (.rodata.gADC_voltageClockConfig)
                  000034f8    00000008     ti_msp_dl_config.o (.rodata.gPWM_MOTORConfig)
                  00003500    00000006     empty.o (.rodata.str1.9517790425240694019.1)
                  00003506    00000005     empty.o (.rodata.str1.254342170260855183.1)
                  0000350b    00000003     ti_msp_dl_config.o (.rodata.gButtonClockConfig)
                  0000350e    00000003     ti_msp_dl_config.o (.rodata.gPWM_MOTORClockConfig)
                  00003511    00000003     ti_msp_dl_config.o (.rodata.gQEI_0ClockConfig)
                  00003514    00000003     ti_msp_dl_config.o (.rodata.gTIMER_0ClockConfig)
                  00003517    00000003     empty.o (.rodata.str1.14685083708502177989.1)
                  0000351a    00000002     ti_msp_dl_config.o (.rodata.gSPI_LCD_clockConfig)
                  0000351c    00000002     ti_msp_dl_config.o (.rodata.gUART_0ClockConfig)
                  0000351e    00000002     --HOLE-- [fill = 0]

.init_array 
*          0    00000000    00000000     UNINITIALIZED

.binit     0    00000000    00000000     

.bss       0    20200000    000002c2     UNINITIALIZED
                  20200000    000000bc     (.common:gButtonBackup)
                  202000bc    000000bc     (.common:gTIMER_0Backup)
                  20200178    000000a0     (.common:gQEI_0Backup)
                  20200218    00000070     mid_button.o (.bss.user_button)
                  20200288    00000028     (.common:gSPI_LCDBackup)
                  202002b0    00000004     (.common:analog_voltage)
                  202002b4    00000004     (.common:angle)
                  202002b8    00000004     (.common:n_speed)
                  202002bc    00000002     (.common:digital_voltage)
                  202002be    00000002     (.common:get_digital)
                  202002c0    00000002     (.common:pulse)

.data      0    202002c4    00000012     UNINITIALIZED
                  202002c4    00000004     mid_button.o (.data.btn_head)
                  202002c8    00000002     mid_button.o (.data.cont)
                  202002ca    00000002     mid_button.o (.data.key_rst_data)
                  202002cc    00000002     mid_button.o (.data.trg)
                  202002ce    00000001     empty.o (.data.ADC_flag)
                  202002cf    00000001     mid_button.o (.data.button_cnt)
                  202002d0    00000001     empty.o (.data.key1_num)
                  202002d1    00000001     empty.o (.data.key2_num)
                  202002d2    00000001     empty.o (.data.key3_num)
                  202002d3    00000001     empty.o (.data.key4_num)
                  202002d4    00000001     empty.o (.data.motor_direction)
                  202002d5    00000001     empty.o (.data.motor_flag)

.stack     0    20207e00    00000200     UNINITIALIZED
                  20207e00    00000004     libc.a : boot_cortex_m.c.obj (.stack)
                  20207e04    000001fc     --HOLE--

__llvm_prf_cnts 
*          0    20200000    00000000     UNINITIALIZED

__llvm_prf_bits 
*          0    20200000    00000000     UNINITIALIZED

MODULE SUMMARY

       Module                         code    ro data   rw data
       ------                         ----    -------   -------
    .\
       ti_msp_dl_config.o             1032    92        576    
       empty.o                        636     14        25     
       startup_mspm0g350x_ticlang.o   6       192       0      
    +--+------------------------------+-------+---------+---------+
       Total:                         1674    298       601    
                                                               
    .\Board\
       board.o                        14      0         0      
    +--+------------------------------+-------+---------+---------+
       Total:                         14      0         0      
                                                               
    .\KEY\
       mid_button.o                   988     0         123    
       app_key_task.o                 96      0         0      
       hw_key.o                       44      0         0      
    +--+------------------------------+-------+---------+---------+
       Total:                         1128    0         123    
                                                               
    .\LCD_init\
       lcd.o                          2376    13300     0      
       lcd_init.o                     4886    0         0      
    +--+------------------------------+-------+---------+---------+
       Total:                         7262    13300     0      
                                                               
    .\TB6612\
       tb6612.o                       20      0         0      
    +--+------------------------------+-------+---------+---------+
       Total:                         20      0         0      
                                                               
    D:/ti/mspm0_sdk_2_10_00_04/source/ti/driverlib/lib/ticlang/m0p/mspm0g1x0x_g3x0x/driverlib.a
       dl_timer.o                     608     0         0      
       dl_uart.o                      90      0         0      
       dl_spi.o                       86      0         0      
       dl_adc12.o                     64      0         0      
       dl_common.o                    10      0         0      
    +--+------------------------------+-------+---------+---------+
       Total:                         858     0         0      
                                                               
    D:\ti\ccs2050\ccs\tools\compiler\ti-cgt-armllvm_4.0.4.LTS\lib\armv6m-ti-none-eabi/c/libc.a
       memcpy16.S.obj                 154     0         0      
       copy_decompress_lzss.c.obj     124     0         0      
       memset16.S.obj                 98      0         0      
       autoinit.c.obj                 60      0         0      
       boot_cortex_m.c.obj            40      0         0      
       copy_zero_init.c.obj           22      0         0      
       copy_decompress_none.c.obj     18      0         0      
       exit.c.obj                     6       0         0      
       pre_init.c.obj                 4       0         0      
    +--+------------------------------+-------+---------+---------+
       Total:                         526     0         0      
                                                               
    D:\ti\ccs2050\ccs\tools\compiler\ti-cgt-armllvm_4.0.4.LTS\lib\armv6m-ti-none-eabi/c/libsysbm.a
       hostexit.c.obj                 4       0         0      
    +--+------------------------------+-------+---------+---------+
       Total:                         4       0         0      
                                                               
    D:\ti\ccs2050\ccs\tools\compiler\ti-cgt-armllvm_4.0.4.LTS\lib\armv6m-ti-none-eabi/libclang_rt.builtins.a
       divdf3.S.obj                   268     0         0      
       muldf3.S.obj                   228     0         0      
       mulsf3.S.obj                   140     0         0      
       divsf3.S.obj                   130     0         0      
       truncdfsf2.S.obj               116     0         0      
       aeabi_uidivmod.S.obj           64      0         0      
       floatsisf.S.obj                60      0         0      
       muldsi3.S.obj                  58      0         0      
       fixsfsi.S.obj                  56      0         0      
       floatunsisf.S.obj              40      0         0      
       floatunsidf.S.obj              36      0         0      
       aeabi_memset.S.obj             12      0         0      
       aeabi_memcpy.S.obj             8       0         0      
       aeabi_div0.c.obj               2       0         0      
    +--+------------------------------+-------+---------+---------+
       Total:                         1218    0         0      
                                                               
       Stack:                         0       0         512    
       Linker Generated:              0       50        0      
    +--+------------------------------+-------+---------+---------+
       Grand Total:                   12704   13648     1236   


LINKER GENERATED COPY TABLES

__TI_cinit_table @ 00006704 records: 2, size/record: 8, table size: 16
	.data: load addr=000066e0, load size=0000000e bytes, run addr=202002c4, run size=00000012 bytes, compression=lzss
	.bss: load addr=000066fc, load size=00000008 bytes, run addr=20200000, run size=000002c2 bytes, compression=zero_init


LINKER GENERATED HANDLER TABLE

__TI_handler_table @ 000066f0 records: 3, size/record: 4, table size: 12
	index: 0, handler: __TI_decompress_lzss
	index: 1, handler: __TI_decompress_none
	index: 2, handler: __TI_zero_init


GLOBAL SYMBOLS: SORTED ALPHABETICALLY BY Name 

address   name                            
-------   ----                            
00004593  ADC0_IRQHandler                 
000064fd  ADC1_IRQHandler                 
202002ce  ADC_flag                        
00004593  AES_IRQHandler                  
000066c6  C$$EXIT                         
00004593  CANFD0_IRQHandler               
00004593  DAC0_IRQHandler                 
000061f5  DL_ADC12_setClockConfig         
000066ad  DL_Common_delayCycles           
000061b1  DL_SPI_init                     
0000660d  DL_SPI_setClockConfig           
00005779  DL_Timer_initFourCCPWMMode      
0000587d  DL_Timer_initTimerMode          
00006519  DL_Timer_setCaptCompUpdateMethod
00006551  DL_Timer_setCaptureCompareOutCtl
00006645  DL_Timer_setCaptureCompareValue 
00006535  DL_Timer_setClockConfig         
00006169  DL_UART_init                    
0000661f  DL_UART_setClockConfig          
00004593  DMA_IRQHandler                  
00004593  Default_Handler                 
00004593  GROUP0_IRQHandler               
00006665  GROUP1_IRQHandler               
000066c7  HOSTexit                        
00004593  HardFault_Handler               
00004593  I2C0_IRQHandler                 
00004593  I2C1_IRQHandler                 
00004c55  LCD_Address_Set                 
00004995  LCD_Fill                        
00003521  LCD_Init                        
00004595  LCD_ShowChar                    
0000542d  LCD_ShowFloatNum1               
0000566d  LCD_ShowIntNum                  
0000611d  LCD_ShowString                  
00005e35  LCD_WR_DATA                     
000065f9  MOTOR_STOP                      
00004593  NMI_Handler                     
00004593  PendSV_Handler                  
00004593  RTC_IRQHandler                  
000066cb  Reset_Handler                   
00004593  SPI0_IRQHandler                 
00004593  SPI1_IRQHandler                 
00004593  SVC_Handler                     
00006081  SYSCFG_DL_ADC_voltage_init      
000062b5  SYSCFG_DL_Button_init           
00005a5d  SYSCFG_DL_GPIO_init             
00005ea5  SYSCFG_DL_PWM_MOTOR_init        
00005fd1  SYSCFG_DL_QEI_0_init            
000060d1  SYSCFG_DL_SPI_LCD_init          
00006235  SYSCFG_DL_SYSCTL_init           
000062f1  SYSCFG_DL_TIMER_0_init          
00005f71  SYSCFG_DL_UART_0_init           
0000602d  SYSCFG_DL_init                  
00005cc9  SYSCFG_DL_initPower             
00004593  SysTick_Handler                 
000064dd  TIMA0_IRQHandler                
00006569  TIMA1_IRQHandler                
00004593  TIMG0_IRQHandler                
00004593  TIMG12_IRQHandler               
00004593  TIMG6_IRQHandler                
00004593  TIMG7_IRQHandler                
00006495  TIMG8_IRQHandler                
00004593  UART0_IRQHandler                
00004593  UART1_IRQHandler                
00004593  UART2_IRQHandler                
00004593  UART3_IRQHandler                
20208000  __STACK_END                     
00000200  __STACK_SIZE                    
00000000  __TI_ATRegion0_region_sz        
00000000  __TI_ATRegion0_src_addr         
00000000  __TI_ATRegion0_trg_addr         
00000000  __TI_ATRegion1_region_sz        
00000000  __TI_ATRegion1_src_addr         
00000000  __TI_ATRegion1_trg_addr         
00000000  __TI_ATRegion2_region_sz        
00000000  __TI_ATRegion2_src_addr         
00000000  __TI_ATRegion2_trg_addr         
00006704  __TI_CINIT_Base                 
00006714  __TI_CINIT_Limit                
00006714  __TI_CINIT_Warm                 
000066f0  __TI_Handler_Table_Base         
000066fc  __TI_Handler_Table_Limit        
00006369  __TI_auto_init_nobinit_nopinit  
00005d45  __TI_decompress_lzss            
00006631  __TI_decompress_none            
ffffffff  __TI_pprof_out_hndl             
ffffffff  __TI_prof_data_size             
ffffffff  __TI_prof_data_start            
00000000  __TI_static_base__              
000065e1  __TI_zero_init_nomemset         
00005dc1  __aeabi_d2f                     
00005561  __aeabi_ddiv                    
00005979  __aeabi_dmul                    
000063e1  __aeabi_f2iz                    
00005c45  __aeabi_fdiv                    
00005bb9  __aeabi_fmul                    
0000632d  __aeabi_i2f                     
00005777  __aeabi_idiv0                   
00006671  __aeabi_memclr                  
00006671  __aeabi_memclr4                 
00006671  __aeabi_memclr8                 
000066b9  __aeabi_memcpy                  
000066b9  __aeabi_memcpy4                 
000066b9  __aeabi_memcpy8                 
000064b9  __aeabi_ui2d                    
00006445  __aeabi_ui2f                    
00006275  __aeabi_uidiv                   
00006275  __aeabi_uidivmod                
ffffffff  __binit__                       
00005561  __divdf3                        
00005c45  __divsf3                        
000063e1  __fixsfsi                       
0000632d  __floatsisf                     
000064b9  __floatunsidf                   
00006445  __floatunsisf                   
UNDEFED   __mpu_init                      
00005979  __muldf3                        
000063a5  __muldsi3                       
00005bb9  __mulsf3                        
20207e00  __stack                         
20200000  __start___llvm_prf_bits         
20200000  __start___llvm_prf_cnts         
20200000  __stop___llvm_prf_bits          
20200000  __stop___llvm_prf_cnts          
00005dc1  __truncdfsf2                    
0000646d  _c_int00_noargs                 
UNDEFED   _system_post_cinit              
000066cf  _system_pre_init                
000066c1  abort                           
202002b0  analog_voltage                  
202002b4  angle                           
00003040  ascii_1206                      
00002a50  ascii_1608                      
00001880  ascii_2412                      
000000c0  ascii_3216                      
ffffffff  binit                           
00006581  btn_down_cb                     
00006599  btn_left_cb                     
000065b1  btn_right_cb                    
000065c9  btn_up_cb                       
00006655  delay_ms                        
202002bc  digital_voltage                 
00005269  flex_button_scan                
20200000  gButtonBackup                   
20200178  gQEI_0Backup                    
20200288  gSPI_LCDBackup                  
202000bc  gTIMER_0Backup                  
202002be  get_digital                     
00000000  interruptVectors                
202002d0  key1_num                        
202002d1  key2_num                        
202002d2  key3_num                        
202002d3  key4_num                        
00006419  key_scan                        
00004e89  main                            
00005b1d  memcpy                          
00005f0d  memset                          
202002d4  motor_direction                 
202002d5  motor_flag                      
202002b8  n_speed                         
202002c0  pulse                           
00005081  user_button_init                


GLOBAL SYMBOLS: SORTED BY Symbol Address 

address   name                            
-------   ----                            
00000000  __TI_ATRegion0_region_sz        
00000000  __TI_ATRegion0_src_addr         
00000000  __TI_ATRegion0_trg_addr         
00000000  __TI_ATRegion1_region_sz        
00000000  __TI_ATRegion1_src_addr         
00000000  __TI_ATRegion1_trg_addr         
00000000  __TI_ATRegion2_region_sz        
00000000  __TI_ATRegion2_src_addr         
00000000  __TI_ATRegion2_trg_addr         
00000000  __TI_static_base__              
00000000  interruptVectors                
000000c0  ascii_3216                      
00000200  __STACK_SIZE                    
00001880  ascii_2412                      
00002a50  ascii_1608                      
00003040  ascii_1206                      
00003521  LCD_Init                        
00004593  ADC0_IRQHandler                 
00004593  AES_IRQHandler                  
00004593  CANFD0_IRQHandler               
00004593  DAC0_IRQHandler                 
00004593  DMA_IRQHandler                  
00004593  Default_Handler                 
00004593  GROUP0_IRQHandler               
00004593  HardFault_Handler               
00004593  I2C0_IRQHandler                 
00004593  I2C1_IRQHandler                 
00004593  NMI_Handler                     
00004593  PendSV_Handler                  
00004593  RTC_IRQHandler                  
00004593  SPI0_IRQHandler                 
00004593  SPI1_IRQHandler                 
00004593  SVC_Handler                     
00004593  SysTick_Handler                 
00004593  TIMG0_IRQHandler                
00004593  TIMG12_IRQHandler               
00004593  TIMG6_IRQHandler                
00004593  TIMG7_IRQHandler                
00004593  UART0_IRQHandler                
00004593  UART1_IRQHandler                
00004593  UART2_IRQHandler                
00004593  UART3_IRQHandler                
00004595  LCD_ShowChar                    
00004995  LCD_Fill                        
00004c55  LCD_Address_Set                 
00004e89  main                            
00005081  user_button_init                
00005269  flex_button_scan                
0000542d  LCD_ShowFloatNum1               
00005561  __aeabi_ddiv                    
00005561  __divdf3                        
0000566d  LCD_ShowIntNum                  
00005777  __aeabi_idiv0                   
00005779  DL_Timer_initFourCCPWMMode      
0000587d  DL_Timer_initTimerMode          
00005979  __aeabi_dmul                    
00005979  __muldf3                        
00005a5d  SYSCFG_DL_GPIO_init             
00005b1d  memcpy                          
00005bb9  __aeabi_fmul                    
00005bb9  __mulsf3                        
00005c45  __aeabi_fdiv                    
00005c45  __divsf3                        
00005cc9  SYSCFG_DL_initPower             
00005d45  __TI_decompress_lzss            
00005dc1  __aeabi_d2f                     
00005dc1  __truncdfsf2                    
00005e35  LCD_WR_DATA                     
00005ea5  SYSCFG_DL_PWM_MOTOR_init        
00005f0d  memset                          
00005f71  SYSCFG_DL_UART_0_init           
00005fd1  SYSCFG_DL_QEI_0_init            
0000602d  SYSCFG_DL_init                  
00006081  SYSCFG_DL_ADC_voltage_init      
000060d1  SYSCFG_DL_SPI_LCD_init          
0000611d  LCD_ShowString                  
00006169  DL_UART_init                    
000061b1  DL_SPI_init                     
000061f5  DL_ADC12_setClockConfig         
00006235  SYSCFG_DL_SYSCTL_init           
00006275  __aeabi_uidiv                   
00006275  __aeabi_uidivmod                
000062b5  SYSCFG_DL_Button_init           
000062f1  SYSCFG_DL_TIMER_0_init          
0000632d  __aeabi_i2f                     
0000632d  __floatsisf                     
00006369  __TI_auto_init_nobinit_nopinit  
000063a5  __muldsi3                       
000063e1  __aeabi_f2iz                    
000063e1  __fixsfsi                       
00006419  key_scan                        
00006445  __aeabi_ui2f                    
00006445  __floatunsisf                   
0000646d  _c_int00_noargs                 
00006495  TIMG8_IRQHandler                
000064b9  __aeabi_ui2d                    
000064b9  __floatunsidf                   
000064dd  TIMA0_IRQHandler                
000064fd  ADC1_IRQHandler                 
00006519  DL_Timer_setCaptCompUpdateMethod
00006535  DL_Timer_setClockConfig         
00006551  DL_Timer_setCaptureCompareOutCtl
00006569  TIMA1_IRQHandler                
00006581  btn_down_cb                     
00006599  btn_left_cb                     
000065b1  btn_right_cb                    
000065c9  btn_up_cb                       
000065e1  __TI_zero_init_nomemset         
000065f9  MOTOR_STOP                      
0000660d  DL_SPI_setClockConfig           
0000661f  DL_UART_setClockConfig          
00006631  __TI_decompress_none            
00006645  DL_Timer_setCaptureCompareValue 
00006655  delay_ms                        
00006665  GROUP1_IRQHandler               
00006671  __aeabi_memclr                  
00006671  __aeabi_memclr4                 
00006671  __aeabi_memclr8                 
000066ad  DL_Common_delayCycles           
000066b9  __aeabi_memcpy                  
000066b9  __aeabi_memcpy4                 
000066b9  __aeabi_memcpy8                 
000066c1  abort                           
000066c6  C$$EXIT                         
000066c7  HOSTexit                        
000066cb  Reset_Handler                   
000066cf  _system_pre_init                
000066f0  __TI_Handler_Table_Base         
000066fc  __TI_Handler_Table_Limit        
00006704  __TI_CINIT_Base                 
00006714  __TI_CINIT_Limit                
00006714  __TI_CINIT_Warm                 
20200000  __start___llvm_prf_bits         
20200000  __start___llvm_prf_cnts         
20200000  __stop___llvm_prf_bits          
20200000  __stop___llvm_prf_cnts          
20200000  gButtonBackup                   
202000bc  gTIMER_0Backup                  
20200178  gQEI_0Backup                    
20200288  gSPI_LCDBackup                  
202002b0  analog_voltage                  
202002b4  angle                           
202002b8  n_speed                         
202002bc  digital_voltage                 
202002be  get_digital                     
202002c0  pulse                           
202002ce  ADC_flag                        
202002d0  key1_num                        
202002d1  key2_num                        
202002d2  key3_num                        
202002d3  key4_num                        
202002d4  motor_direction                 
202002d5  motor_flag                      
20207e00  __stack                         
20208000  __STACK_END                     
ffffffff  __TI_pprof_out_hndl             
ffffffff  __TI_prof_data_size             
ffffffff  __TI_prof_data_start            
ffffffff  __binit__                       
ffffffff  binit                           
UNDEFED   __mpu_init                      
UNDEFED   _system_post_cinit              

[162 symbols]
